Archive member included because of file (symbol)

contiki-jenv.a(process.o)     obj_jenv/contiki-main.o (_process_init)
contiki-jenv.a(procinit.o)    obj_jenv/contiki-main.o (_procinit_init)
contiki-jenv.a(autostart.o)   obj_jenv/contiki-main.o (_autostart_start)
contiki-jenv.a(etimer.o)      obj_jenv/contiki-main.o (_etimer_request_poll)
contiki-jenv.a(netstack.o)    obj_jenv/contiki-main.o (_netstack_init)
contiki-jenv.a(uip6.o)        obj_jenv/contiki-main.o (_uip_lladdr)
contiki-jenv.a(tcpip.o)       contiki-jenv.a(uip6.o) (_tcpip_uipcall)
contiki-jenv.a(uip-udp-packet.)
                              main.co (_uip_udp_packet_send)
contiki-jenv.a(uip-split.o)   contiki-jenv.a(tcpip.o) (_uip_split_output)
contiki-jenv.a(uip-icmp6.o)   contiki-jenv.a(uip6.o) (_uip_icmp6_echo_request_input)
contiki-jenv.a(uip-nd6.o)     contiki-jenv.a(uip6.o) (_uip_nd6_ra_input)
contiki-jenv.a(uip-packetqueue)
                              contiki-jenv.a(tcpip.o) (_uip_packetqueue_buf)
contiki-jenv.a(sicslowpan.o)  contiki-jenv.a(netstack.o) (_sicslowpan_driver)
contiki-jenv.a(uip-ds6.o)     contiki-jenv.a(uip-nd6.o) (_uip_ds6_defrt_rm)
contiki-jenv.a(nullradio.o)   contiki-jenv.a(netstack.o) (_nullradio_driver)
contiki-jenv.a(ieee802.o)     obj_jenv/contiki-main.o (_ieee_get_mac)
contiki-jenv.a(pff.o)         obj_jenv/contiki-main.o (_pf_mount)
contiki-jenv.a(sd.o)          contiki-jenv.a(pff.o) (_disk_writep)
contiki-jenv.a(leds.o)        main.co (_leds_toggle)
contiki-jenv.a(sensors.o)     main.co (_sensors_find)
contiki-jenv.a(bootloader.o)  obj_jenv/contiki-main.o (_jennic_bootloader_process)
contiki-jenv.a(SHT21-sensor.o)
                              obj_jenv/contiki-main.o (_sht21_temperature_sensor)
contiki-jenv.a(ext_temp_sensor)
                              main.co (_ext_temp_sensor)
contiki-jenv.a(clock.o)       contiki-jenv.a(uip6.o) (_clock_synchronize)
contiki-jenv.a(uart0.o)       contiki-jenv.a(ieee802.o) (_uart0_writeb)
contiki-jenv.a(jts.o)         obj_jenv/contiki-main.o (_jts_init)
contiki-jenv.a(i2c.o)         contiki-jenv.a(SHT21-sensor.o) (_i2c)
contiki-jenv.a(sprintf.o)     obj_jenv/contiki-main.o (_puts)
contiki-jenv.a(watchdog.o)    obj_jenv/contiki-main.o (_watchdog_periodic)
contiki-jenv.a(init.o)        obj_jenv/contiki-main.o (_init_hardware_baud)
contiki-jenv.a(rimeaddr.o)    contiki-jenv.a(sicslowpan.o) (_rimeaddr_copy)
contiki-jenv.a(nullrdc.o)     contiki-jenv.a(netstack.o) (_nullrdc_driver)
contiki-jenv.a(mac.o)         contiki-jenv.a(ieee802.o) (_mac_call_sent_callback)
contiki-jenv.a(framer-nullmac.)
                              contiki-jenv.a(nullrdc.o) (_framer_nullmac)
contiki-jenv.a(memb.o)        contiki-jenv.a(uip-packetqueue) (_memb_alloc)
contiki-jenv.a(timer.o)       contiki-jenv.a(etimer.o) (_timer_reset)
contiki-jenv.a(list.o)        contiki-jenv.a(i2c.o) (_list_init)
contiki-jenv.a(ctimer.o)      contiki-jenv.a(uip-packetqueue) (_ctimer_stop)
contiki-jenv.a(rtimer.o)      contiki-jenv.a(clock.o) (_rtimer_run_next)
contiki-jenv.a(stimer.o)      contiki-jenv.a(uip-nd6.o) (_stimer_remaining)
contiki-jenv.a(random.o)      contiki-jenv.a(uip-ds6.o) (_random_rand)
contiki-jenv.a(ringbuf.o)     contiki-jenv.a(uart0.o) (_ringbuf_init)
contiki-jenv.a(packetbuf.o)   contiki-jenv.a(framer-nullmac.) (_packetbuf_hdrreduce)
contiki-jenv.a(queuebuf.o)    contiki-jenv.a(sicslowpan.o) (_queuebuf_to_packetbuf)
contiki-jenv.a(leds-arch.o)   contiki-jenv.a(leds.o) (_leds_arch_get)
contiki-jenv.a(irq.o)         contiki-jenv.a(init.o) (_irq_init)
../../../contiki-jn51xx/cpu/jennic/jn5148/libHwPatch.a(AHI_SystemPatch_JN5148.o)
                              contiki-jenv.a(init.o) (_bAHI_WatchdogResetEvent)
../../../contiki-jn51xx/cpu/jennic/jn5148/libHwPatch.a(AHI_TimerIntPatch.o)
                              ../../../contiki-jn51xx/cpu/jennic/jn5148/libHwPatch.a(AHI_SystemPatch_JN5148.o) (_vAHI_Timer1RegisterCallback)
../../../contiki-jn51xx/cpu/jennic/jn5148/libHwPatch.a(AHI_BrownOutPatch.o)
                              contiki-jenv.a(init.o) (_bAHI_BrownOutEventResetStatus)
../../../contiki-jn51xx/cpu/jennic/jn5148/libHwPatch.a(AHI_SiPatch48.o)
                              contiki-jenv.a(i2c.o) (_vAHI_SiRegisterCallback)
../../../contiki-jn51xx/cpu/jennic/jn5148/libHwPatch.a(AHI_SpiPatch.o)
                              contiki-jenv.a(sd.o) (_vAHI_SpiStartTransfer8)
../../../contiki-jn51xx/cpu/jennic/jn5148/libHwPatch.a(AHI_AnaloguePatch.o)
                              contiki-jenv.a(ext_temp_sensor) (_vAHI_AdcStartSample)
../../../contiki-jn51xx/cpu/jennic/jn5148/libHwPatch.a(AHI_InitPatch.o)
                              contiki-jenv.a(init.o) (_u32AHI_Init)
../../../contiki-jn51xx/cpu/jennic/jn5148/libHwPatch.a(AHI_FifoPatch.o)
                              ../../../contiki-jn51xx/cpu/jennic/jn5148/libHwPatch.a(AHI_InitPatch.o) (_vAHI_IntHandlerAudioFifo)
../../../contiki-jn51xx/cpu/jennic/jn5148/libHwPatch.a(AHI_FlashPatch_JN514x.o)
                              contiki-jenv.a(bootloader.o) (_bAHI_FlashInit)
../../../contiki-jn51xx/cpu/jennic/jn5148/libHwPatch.a(AHI_UartPatch.o)
                              contiki-jenv.a(uart0.o) (_vAHI_UartSetRTSCTS)
../../../contiki-jn51xx/cpu/jennic/jn5148/libHwPatch.a(AHI_DioPatch.o)
                              ../../../contiki-jn51xx/cpu/jennic/jn5148/libHwPatch.a(AHI_SystemPatch_JN5148.o) (_vAHI_DioSetPullup)
../../../contiki-jn51xx/cpu/jennic/jn5148/libMacPatch.a(JN514x_MacPatch.o)
                              contiki-jenv.a(ieee802.o) (_pvAppApiGetMacHandle)
/opt/toolchains/jn5148/ba2-elf/bin/../lib/gcc/ba-elf/4.1.2/ba2/libgcc.a(__udivsi3.o)
                              main.co (___udivsi3)
/opt/toolchains/jn5148/ba2-elf/bin/../lib/gcc/ba-elf/4.1.2/ba2/libgcc.a(__umodsi3.o)
                              main.co (___umodsi3)
/opt/toolchains/jn5148/ba2-elf/bin/../lib/gcc/ba-elf/4.1.2/ba2/libgcc.a(__modsi3.o)
                              contiki-jenv.a(ieee802.o) (___modsi3)
/opt/toolchains/jn5148/ba2-elf/bin/../lib/gcc/ba-elf/4.1.2/ba2/libgcc.a(_udivdi3.o)
                              contiki-jenv.a(clock.o) (___udivdi3)
/opt/toolchains/jn5148/ba2-elf/bin/../lib/gcc/ba-elf/4.1.2/ba2/libgcc.a(fp-bit.o)
                              contiki-jenv.a(SHT21-sensor.o) (___addsf3)
/opt/toolchains/jn5148/ba2-elf/bin/../lib/gcc/ba-elf/4.1.2/ba2/libgcc.a(dp-bit.o)
                              contiki-jenv.a(ext_temp_sensor) (___adddf3)
/opt/toolchains/jn5148/ba2-elf/bin/../lib/gcc/ba-elf/4.1.2/ba2/libgcc.a(__mulsi3.o)
                              /opt/toolchains/jn5148/ba2-elf/bin/../lib/gcc/ba-elf/4.1.2/ba2/libgcc.a(_udivdi3.o) (___mulsi3)
/opt/toolchains/jn5148/ba2-elf/bin/../lib/gcc/ba-elf/4.1.2/ba2/libgcc.a(_muldi3.o)
                              /opt/toolchains/jn5148/ba2-elf/bin/../lib/gcc/ba-elf/4.1.2/ba2/libgcc.a(fp-bit.o) (___muldi3)
/opt/toolchains/jn5148/ba2-elf/bin/../lib/gcc/ba-elf/4.1.2/ba2/libgcc.a(_lshrdi3.o)
                              /opt/toolchains/jn5148/ba2-elf/bin/../lib/gcc/ba-elf/4.1.2/ba2/libgcc.a(dp-bit.o) (___lshrdi3)
/opt/toolchains/jn5148/ba2-elf/bin/../lib/gcc/ba-elf/4.1.2/ba2/libgcc.a(_ashldi3.o)
                              /opt/toolchains/jn5148/ba2-elf/bin/../lib/gcc/ba-elf/4.1.2/ba2/libgcc.a(dp-bit.o) (___ashldi3)
/opt/toolchains/jn5148/ba2-elf/bin/../lib/gcc/ba-elf/4.1.2/ba2/libgcc.a(_clz.o)
                              /opt/toolchains/jn5148/ba2-elf/bin/../lib/gcc/ba-elf/4.1.2/ba2/libgcc.a(_udivdi3.o) (___clz_tab)
/opt/toolchains/jn5148/ba2-elf/bin/../lib/gcc/ba-elf/4.1.2/../../../../ba-elf/lib/ba2/libc.a(isblank.o)
                              contiki-jenv.a(sensors.o) (_isblank)
/opt/toolchains/jn5148/ba2-elf/bin/../lib/gcc/ba-elf/4.1.2/../../../../ba-elf/lib/ba2/libc.a(memcmp.o)
                              contiki-jenv.a(uip6.o) (_memcmp)
/opt/toolchains/jn5148/ba2-elf/bin/../lib/gcc/ba-elf/4.1.2/../../../../ba-elf/lib/ba2/libc.a(memcpy.o)
                              obj_jenv/contiki-main.o (_memcpy)
/opt/toolchains/jn5148/ba2-elf/bin/../lib/gcc/ba-elf/4.1.2/../../../../ba-elf/lib/ba2/libc.a(memmove.o)
                              contiki-jenv.a(uip-icmp6.o) (_memmove)
/opt/toolchains/jn5148/ba2-elf/bin/../lib/gcc/ba-elf/4.1.2/../../../../ba-elf/lib/ba2/libc.a(memset.o)
                              contiki-jenv.a(uip6.o) (_memset)
/opt/toolchains/jn5148/ba2-elf/bin/../lib/gcc/ba-elf/4.1.2/../../../../ba-elf/lib/ba2/libc.a(rand.o)
                              contiki-jenv.a(random.o) (_srand)
/opt/toolchains/jn5148/ba2-elf/bin/../lib/gcc/ba-elf/4.1.2/../../../../ba-elf/lib/ba2/libc.a(strlen.o)
                              contiki-jenv.a(sensors.o) (_strlen)
/opt/toolchains/jn5148/ba2-elf/bin/../lib/gcc/ba-elf/4.1.2/../../../../ba-elf/lib/ba2/libc.a(impure.o)
                              /opt/toolchains/jn5148/ba2-elf/bin/../lib/gcc/ba-elf/4.1.2/../../../../ba-elf/lib/ba2/libc.a(rand.o) (__impure_ptr)

Allocating common symbols
Common symbol       size              file

sicslowpan_mac      0x4               contiki-jenv.a(sicslowpan.o)
uip_aligned_buf     0x500             contiki-jenv.a(uip6.o)
uip_udp_conns       0x122             contiki-jenv.a(uip6.o)
uip_udp_conn        0x4               contiki-jenv.a(uip6.o)
uip_ds6_routing_table
                    0xc0              contiki-jenv.a(uip-ds6.o)
uip_conn            0x4               contiki-jenv.a(uip6.o)
sBbcIdleBugTimer    0x10              ../../../contiki-jn51xx/cpu/jennic/jn5148/libMacPatch.a(JN514x_MacPatch.o)
tcpip_event         0x1               contiki-jenv.a(tcpip.o)
uip_ds6_prefix_list
                    0x51              contiki-jenv.a(uip-ds6.o)
uip_ds6_timer_rs    0x10              contiki-jenv.a(uip-ds6.o)
sensors_event       0x1               contiki-jenv.a(sensors.o)
uip_ds6_nbr_cache   0xd0              contiki-jenv.a(uip-ds6.o)
uip_len             0x2               contiki-jenv.a(uip6.o)
uip_lladdr          0x8               contiki-jenv.a(uip6.o)
prHigherMlmeCallback
                    0x4               ../../../contiki-jn51xx/cpu/jennic/jn5148/libMacPatch.a(JN514x_MacPatch.o)
uip_slen            0x2               contiki-jenv.a(uip6.o)
uip_ds6_if          0xc5              contiki-jenv.a(uip-ds6.o)
ba_redzone_size     0x4               /opt/toolchains/jn5148/ba2-elf/bin/../lib/gcc/ba-elf/4.1.2/ba2/libgcc.a(_udivdi3.o)
sensors_flags       0x3               obj_jenv/contiki-main.o
packetbuf_attrs     0x30              contiki-jenv.a(packetbuf.o)
uip_next_hdr        0x4               contiki-jenv.a(uip6.o)
uip_listenports     0x4               contiki-jenv.a(uip6.o)
pSPIflashFncTable   0x4               ../../../contiki-jn51xx/cpu/jennic/jn5148/libHwPatch.a(AHI_FlashPatch_JN514x.o)
uip_flags           0x1               contiki-jenv.a(uip6.o)
packetbuf_addrs     0x20              contiki-jenv.a(packetbuf.o)
ieee_event          0x1               obj_jenv/contiki-main.o
uip_sappdata        0x4               contiki-jenv.a(uip6.o)
uip_conns           0x60              contiki-jenv.a(uip6.o)
uip_appdata         0x4               contiki-jenv.a(uip6.o)
uip_ds6_timer_periodic
                    0x10              contiki-jenv.a(uip-ds6.o)
ba_abi_level        0x4               /opt/toolchains/jn5148/ba2-elf/bin/../lib/gcc/ba-elf/4.1.2/ba2/libgcc.a(_udivdi3.o)
uip_acc32           0x4               contiki-jenv.a(uip6.o)
rimeaddr_node_addr  0x8               contiki-jenv.a(rimeaddr.o)
frag_sender         0x8               contiki-jenv.a(sicslowpan.o)
uip_ds6_defrt_list  0x34              contiki-jenv.a(uip-ds6.o)

Discarded input sections

 .stabstr       0x00000000        0x0 /opt/toolchains/jn5148/ba2-elf/bin/../lib/gcc/ba-elf/4.1.2/ba2/libgcc.a(_udivdi3.o)
 .stabstr       0x00000000        0x0 /opt/toolchains/jn5148/ba2-elf/bin/../lib/gcc/ba-elf/4.1.2/ba2/libgcc.a(fp-bit.o)
 .stabstr       0x00000000        0x0 /opt/toolchains/jn5148/ba2-elf/bin/../lib/gcc/ba-elf/4.1.2/ba2/libgcc.a(dp-bit.o)
 .stabstr       0x00000000        0x0 /opt/toolchains/jn5148/ba2-elf/bin/../lib/gcc/ba-elf/4.1.2/ba2/libgcc.a(_muldi3.o)
 .stabstr       0x00000000        0x0 /opt/toolchains/jn5148/ba2-elf/bin/../lib/gcc/ba-elf/4.1.2/ba2/libgcc.a(_lshrdi3.o)
 .stabstr       0x00000000        0x0 /opt/toolchains/jn5148/ba2-elf/bin/../lib/gcc/ba-elf/4.1.2/ba2/libgcc.a(_ashldi3.o)
 .stabstr       0x00000000        0x0 /opt/toolchains/jn5148/ba2-elf/bin/../lib/gcc/ba-elf/4.1.2/ba2/libgcc.a(_clz.o)
 .stabstr       0x00000000        0x0 /opt/toolchains/jn5148/ba2-elf/bin/../lib/gcc/ba-elf/4.1.2/../../../../ba-elf/lib/ba2/libc.a(isblank.o)
 .stabstr       0x00000000        0x0 /opt/toolchains/jn5148/ba2-elf/bin/../lib/gcc/ba-elf/4.1.2/../../../../ba-elf/lib/ba2/libc.a(memcmp.o)
 .stabstr       0x00000000        0x0 /opt/toolchains/jn5148/ba2-elf/bin/../lib/gcc/ba-elf/4.1.2/../../../../ba-elf/lib/ba2/libc.a(memcpy.o)
 .stabstr       0x00000000        0x0 /opt/toolchains/jn5148/ba2-elf/bin/../lib/gcc/ba-elf/4.1.2/../../../../ba-elf/lib/ba2/libc.a(memmove.o)
 .stabstr       0x00000000        0x0 /opt/toolchains/jn5148/ba2-elf/bin/../lib/gcc/ba-elf/4.1.2/../../../../ba-elf/lib/ba2/libc.a(memset.o)
 .stabstr       0x00000000        0x0 /opt/toolchains/jn5148/ba2-elf/bin/../lib/gcc/ba-elf/4.1.2/../../../../ba-elf/lib/ba2/libc.a(rand.o)
 .stabstr       0x00000000        0x0 /opt/toolchains/jn5148/ba2-elf/bin/../lib/gcc/ba-elf/4.1.2/../../../../ba-elf/lib/ba2/libc.a(strlen.o)
 .stabstr       0x00000000        0x0 /opt/toolchains/jn5148/ba2-elf/bin/../lib/gcc/ba-elf/4.1.2/../../../../ba-elf/lib/ba2/libc.a(impure.o)

↵
Speichereinrichtung
↵

Name             Ursprung           Länge             Eigenschaften
ram              0x04000000         0x00020000
flash            0x04000000         0x00080000
rom              0x00000000         0x00020000
*default*        0x00000000         0xffffffff

Linker script and memory map

LOAD obj_jenv/contiki-main.o
LOAD main.co
LOAD contiki-jenv.a
LOAD ../../../contiki-jn51xx/cpu/jennic/jn5148/libHwPatch.a
LOAD ../../../contiki-jn51xx/cpu/jennic/jn5148/libMacPatch.a
LOAD /opt/toolchains/jn5148/ba2-elf/bin/../lib/gcc/ba-elf/4.1.2/ba2/libgcc.a
LOAD /opt/toolchains/jn5148/ba2-elf/bin/../lib/gcc/ba-elf/4.1.2/../../../../ba-elf/lib/ba2/libc.a
LOAD /opt/toolchains/jn5148/ba2-elf/bin/../lib/gcc/ba-elf/4.1.2/ba2/libgcc.a
                0x000000c0                __exception_bus_error = 0xc0
                0x00000124                __exception_tick_timer = 0x124
                0x00000188                __exception_unaligned_access = 0x188
                0x000001ec                __exception_illegal_instruction = 0x1ec
                0x00000250                __exception_external_interrupt = 0x250
                0x000002b4                __exception_syscall = 0x2b4
                0x00000318                __exception_trap = 0x318
                0x0000037c                __exception_generic = 0x37c
                0x000003e0                __exception_stack_overflow = 0x3e0
                0x00000444                __exception_reset = 0x444
                0x00000a9c                _sJennicLogo = 0xa9c
                0x0000a1cc                __stext = 0xa1cc
                0x0000a20e                ___errno = 0xa20e
                0x0000a25e                ___udivsi3 = 0xa25e
                0x0000a25e                ___udivsi3 = 0xa25e
                0x0000a266                ___umodsi3 = 0xa266
                0x0000a266                ___umodsi3 = 0xa266
                0x0000a26e                ___divsi3 = 0xa26e
                0x0000a29a                ___modsi3 = 0xa29a
                0x0000a434                _vAHI_ApConfigure = 0xa434
                0x0000a49f                _bAHI_APRegulatorEnabled = 0xa49f
                0x0000a4ac                _vAHI_AdcEnable = 0xa4ac
                0x0000a5ac                _bAHI_AdcPoll = 0xa5ac
                0x0000a604                _vAHI_DacEnable = 0xa604
                0x0000a686                _vAHI_DacDisable = 0xa686
                0x0000a6a3                _vAHI_DacOutput = 0xa6a3
                0x0000a6c7                _bAHI_DacPoll = 0xa6c7
                0x0000a89a                _vAHI_ComparatorEnable = 0xa89a
                0x0000a8d5                _vAHI_ComparatorDisable = 0xa8d5
                0x0000a945                _vAHI_ComparatorWakeEnable = 0xa945
                0x0000a94b                _u8AHI_ComparatorStatus = 0xa94b
                0x0000a95b                _u8AHI_ComparatorWakeStatus = 0xa95b
                0x0000a96f                _bAHI_DaiPollBusy = 0xa96f
                0x0000a97e                _vAHI_DaiReadAudioData = 0xa97e
                0x0000a993                _vAHI_DaiWriteAudioData = 0xa993
                0x0000a9a0                _vAHI_IntHandlerDai = 0xa9a0
                0x0000a9be                _vAHI_DaiRegisterCallback = 0xa9be
                0x0000a9eb                _vAHI_DaiStartTransaction = 0xa9eb
                0x0000aa0e                _vAHI_DaiConnectToFIFO = 0xaa0e
                0x0000aac4                _vAHI_DaiSetBitClock = 0xaac4
                0x0000aaed                _vAHI_DaiInterruptEnable = 0xaaed
                0x0000ab05                _vAHI_DaiEnable = 0xab05
                0x0000ab28                _vAHI_DioSetDirection = 0xab28
                0x0000ab3c                _vAHI_DioSetOutput = 0xab3c
                0x0000ab64                _u32AHI_DioReadInput = 0xab64
                0x0000aba9                _vAHI_DioSetByte = 0xaba9
                0x0000abc3                _u8AHI_DioReadByte = 0xabc3
                0x0000ad82                _bAHI_FifoRead = 0xad82
                0x0000ad9f                _vAHI_FifoWrite = 0xad9f
                0x0000adc4                _u8AHI_FifoReadTxLevel = 0xadc4
                0x0000ae8c                _vAHI_FifoEnable = 0xae8c
                0x0000aedf                _vAHI_FlashPowerUp = 0xaedf
                0x0000af14                _vAHI_FlashPowerDown = 0xaf14
                0x0000afa3                _bAHI_FullFlashRead = 0xafa3
                0x0000aff0                _bAHI_FullFlashProgram = 0xaff0
                0x0000b08d                _bAHI_FlashEraseSector = 0xb08d
                0x0000b281                _vAHI_IpDisable = 0xb281
                0x0000b3a6                _bAHI_IpTxDone = 0xb3a6
                0x0000b3c2                _bAHI_IpRxDataAvailable = 0xb3c2
                0x0000b3cf                _vAHI_IntHandlerSpiIp = 0xb3cf
                0x0000b3f1                _vAHI_IpRegisterCallback = 0xb3f1
                0x0000b44e                _bAHI_StartPulseCounter = 0xb44e
                0x0000b475                _bAHI_Clear32BitPulseCounter = 0xb475
                0x0000b579                _bAHI_Clear16BitPulseCounter = 0xb579
                0x0000b5e5                _bAHI_StopPulseCounter = 0xb5e5
                0x0000b630                _vAHI_SwReset = 0xb630
                0x0000b648                _vAHI_SiMasterConfigure = 0xb648
                0x0000b6bf                _vAHI_SiMasterWriteData8 = 0xb6bf
                0x0000b6c6                _vAHI_SiSlaveWriteData8 = 0xb6c6
                0x0000b6cd                _u8AHI_SiMasterReadData8 = 0xb6cd
                0x0000b6d7                _u8AHI_SiSlaveReadData8 = 0xb6d7
                0x0000b6e1                _vAHI_SiMasterWriteSlaveAddr = 0xb6e1
                0x0000b6fa                _bAHI_SiMasterPollBusy = 0xb6fa
                0x0000b707                _bAHI_SiMasterPollTransferInProgress = 0xb707
                0x0000b714                _bAHI_SiMasterCheckRxNack = 0xb714
                0x0000b721                _bAHI_SiMasterPollArbitrationLost = 0xb721
                0x0000b816                _vAHI_SiSlaveConfigure = 0xb816
                0x0000b714                _bAHI_SiMasterCheckRxNack = 0xb714
                0x0000b714                _bAHI_SiCheckRxNack = 0xb714
                0x0000b714                _bAHI_SiPollRxNack = 0xb714
                0x0000b648                _vAHI_SiConfigure = 0xb648
                0x0000b67d                _vAHI_SiSetCmdReg = 0xb67d
                0x0000b6bf                _vAHI_SiWriteData8 = 0xb6bf
                0x0000b6cd                _u8AHI_SiReadData8 = 0xb6cd
                0x0000b6e1                _vAHI_SiWriteSlaveAddr = 0xb6e1
                0x0000b6fa                _bAHI_SiPollBusy = 0xb6fa
                0x0000b707                _bAHI_SiPollTransferInProgress = 0xb707
                0x0000b721                _bAHI_SiPollArbitrationLost = 0xb721
                0x0000b871                _vAHI_SpiConfigure = 0xb871
                0x0000b8f7                _vAHI_SpiSetDelayReadEdge = 0xb8f7
                0x0000b97d                _vAHI_SpiSelect = 0xb97d
                0x0000b984                _vAHI_SpiStop = 0xb984
                0x0000b98d                _vAHI_SpiStartTransfer32 = 0xb98d
                0x0000b9a5                _u32AHI_SpiReadTransfer32 = 0xb9a5
                0x0000b9ac                _vAHI_SpiStartTransfer16 = 0xb9ac
                0x0000b9c4                _u16AHI_SpiReadTransfer16 = 0xb9c4
                0x0000b9ce                _vAHI_SpiStartTransfer8 = 0xb9ce
                0x0000b9e6                _u8AHI_SpiReadTransfer8 = 0xb9e6
                0x0000b9f0                _bAHI_SpiPollBusy = 0xb9f0
                0x0000b9fa                _vAHI_SpiWaitBusy = 0xb9fa
                0x0000ba07                _vAHI_IntHandlerSpiMaster = 0xba07
                0x0000ba2d                _vAHI_SpiRegisterCallback = 0xba2d
                0x0000ba45                _vAHI_SpiSetContinuousMode = 0xba45
                0x0000ba63                _u8AHI_PowerStatus = 0xba63
                0x0000ba6d                _vAHI_MemoryHold = 0xba6d
                0x0000baa9                _vAHI_ProtocolPower = 0xbaa9
                0x0000bac0                _vAHI_CpuDoze = 0xbac0
                0x0000bad3                _vAHI_IntHandlerSysCtrl = 0xbad3
                0x0000bb08                _vAHI_SysCtrlRegisterCallback = 0xbb08
                0x0000bb5d                _vAHI_AntennaDiversityOutputEnable = 0xbb5d
                0x0000bb9a                _vAHI_WatchdogStart = 0xbb9a
                0x0000bbad                _vAHI_WatchdogStop = 0xbbad
                0x0000bbc4                _vAHI_WatchdogRestart = 0xbbc4
                0x0000bc14                _u8AHI_GetSystemClkSpeed = 0xbc14
                0x0000bc23                _bAHI_Calibrate24MhzClock = 0xbc23
                0x0000bd85                _vAHI_PowerXTAL = 0xbd85
                0x0000beb6                _vAHI_StopRandomNumberGenerator = 0xbeb6
                0x0000bebf                _u16AHI_ReadRandomNumber = 0xbebf
                0x0000bf6d                _vAHI_PowerDown = 0xbf6d
                0x0000bfcd                _vAHI_TickTimerInit = 0xbfcd
                0x0000bff4                _vAHI_TickTimerWrite = 0xbff4
                0x0000bffd                _vAHI_TickTimerIntPendClr = 0xbffd
                0x0000c012                _bAHI_TickTimerIntStatus = 0xc012
                0x0000c021                _vAHI_TickTimerConfigure = 0xc021
                0x0000c03c                _vAHI_TickTimerIntEnable = 0xc03c
                0x0000c05d                _u32AHI_TickTimerRead = 0xc05d
                0x0000c066                _vAHI_TickTimerInterval = 0xc066
                0x0000c084                _vAHI_TickTimerISR = 0xc084
                0x0000c0c1                _vAHI_TimerEnable = 0xc0c1
                0x0000c168                _vAHI_TimerDisable = 0xc168
                0x0000c18e                _vAHI_TimerClockSelect = 0xc18e
                0x0000c1bb                _vAHI_TimerReadCaptureFreeRunning = 0xc1bb
                0x0000c1f4                _vAHI_TimerStop = 0xc1f4
                0x0000c216                _vAHI_TimerReadCapture = 0xc216
                0x0000c25e                _u8AHI_TimerFired = 0xc25e
                0x0000c30c                _vAHI_TimerStartDeltaSigma = 0xc30c
                0x0000c343                _vAHI_TimerStartRepeat = 0xc343
                0x0000c351                _vAHI_TimerStartSingleShot = 0xc351
                0x0000c362                _u16AHI_TimerReadCount = 0xc362
                0x0000c46f                _vAHI_UartEnable = 0xc46f
                0x0000c4c6                _vAHI_UartDisable = 0xc4c6
                0x0000c520                _vAHI_UartSetBaudDivisor = 0xc520
                0x0000c579                _vAHI_UartSetClockDivisor = 0xc579
                0x0000c588                _vAHI_UartSetControl = 0xc588
                0x0000c5e2                _vAHI_UartSetInterrupt = 0xc5e2
                0x0000c64c                _vAHI_UartReset = 0xc64c
                0x0000c67c                _u8AHI_UartReadLineStatus = 0xc67c
                0x0000c6a2                _u8AHI_UartReadModemStatus = 0xc6a2
                0x0000c6c8                _u8AHI_UartReadInterruptStatus = 0xc6c8
                0x0000c6ee                _vAHI_UartWriteData = 0xc6ee
                0x0000c70d                _u8AHI_UartReadData = 0xc70d
                0x0000c756                _vAHI_IntHandlerUart0 = 0xc756
                0x0000c77f                _vAHI_IntHandlerUart1 = 0xc77f
                0x0000c7a8                _vAHI_Uart0RegisterCallback = 0xc7a8
                0x0000c7c0                _vAHI_Uart1RegisterCallback = 0xc7c0
                0x0000c82f                _vAHI_WakeTimerEnable = 0xc82f
                0x0000c88b                _vAHI_WakeTimerStart = 0xc88b
                0x0000c944                _vAHI_WakeTimerStop = 0xc944
                0x0000c96b                _u8AHI_WakeTimerStatus = 0xc96b
                0x0000c975                _u8AHI_WakeTimerFiredStatus = 0xc975
                0x0000ca2c                _bACI_isBusy = 0xca2c
                0x0000ca44                _bACI_commandAccepted = 0xca44
                0x0000ca5e                _vACI_CmdWaitBusy = 0xca5e
                0x0000cb2d                _bACI_WriteKey = 0xcb2d
                0x0000cb43                _bACI_issueReset = 0xcb43
                0x0000cb61                _bACI_setMode = 0xcb61
                0x0000cb8f                _bACI_ReadOutputData = 0xcb8f
                0x0000cbc4                _bACI_WriteInputData = 0xcbc4
                0x0000cbe7                _vACI_IntHandlerAes = 0xcbe7
                0x0000cc0c                _vACI_SetInterruptCallback = 0xcc0c
                0x0000cc65                _vACI_ClearInterruptStatus = 0xcc65
                0x0000cc7f                _vACI_ClearInterruptEnable = 0xcc7f
                0x0000cc96                _vACI_SetInterruptEnable = 0xcc96
                0x0000ccea                _vACI_ReadInterruptEnable = 0xccea
                0x0000ccfb                _vACI_ReadInterruptStatus = 0xccfb
                0x0000cd0c                _bACI_ReadChecksumValidationResult = 0xcd0c
                0x0000cd2b                _bACI_ReadChecksumData = 0xcd2b
                0x0000cd86                _bACI_CCMstar = 0xcd86
                0x0000d06f                _bACI_CCMstarAuthenticateData = 0xd06f
                0x0000d0a9                _bACI_CCMstarEncodeData = 0xd0a9
                0x0000d0ce                _bACI_ECBencodeBuffer = 0xd0ce
                0x0000d153                _bACI_ECBencodeStripe = 0xd153
                0x0000d16a                _bACI_IEEECTRencodeData = 0xd16a
                0x0000d192                _pvAppApiDefGetMacHandle = 0xd192
                0x0000d192                _pvAppApiDefGetMacHandle = 0xd192
                0x0000d19b                _vAppApiDefMlmeRequest = 0xd19b
                0x0000d1ce                _vAppApiDefMcpsRequest = 0xd1ce
                0x0000d201                _vAppApiDefPowerUp = 0xd201
                0x0000d21f                _vAppApiDefSetPrbsSeed = 0xd21f
                0x0000d243                _vAppApiDefSetInterrupts = 0xd243
                0x0000d28e                _pvAppApiDefGetMacAddrLocation = 0xd28e
                0x0000d28e                _pvAppApiDefGetMacAddrLocation = 0xd28e
                0x0000d297                _vAppApiSetMacEntryPoints = 0xd297
                0x0000d2a6                _vAppApiGetMacEntryPoints = 0xd2a6
                0x0000d2bb                _vAppApiEnableBeaconResponse = 0xd2bb
                0x0000d327                _vAppApiDefSetVectors = 0xd327
                0x0000d394                _vAppApiDefStartStack = 0xd394
                0x0000d3e8                _u32AppApiDefInit = 0xd3e8
                0x0000d427                _vAppApiDefSaveMacSettings = 0xd427
                0x0000d470                _vAppApiDefRestoreMacSettings = 0xd470
                0x0000d53d                _vAppHousekeepingTimerExpiry = 0xd53d
                0x0000d564                _vAppHousekeepingInit = 0xd564
                0x0000db95                _MAC_pvCtor = 0xdb95
                0x0000de9d                _MAC_psPibGetHandle = 0xde9d
                0x0000dea4                _MAC_vPibSetShortAddr = 0xdea4
                0x0000deaf                _MAC_vPibSetPanId = 0xdeaf
                0x0000dee2                _MAC_vPibSetMaxCsmaBackoffs = 0xdee2
                0x0000df1f                _MAC_vPibSetRxOnWhenIdle = 0xdf1f
                0x0000df2f                _MAC_vPibSetPromiscuousMode = 0xdf2f
                0x0000e6b6                _MAC_vRegisterMlmeDcfmIndCallbacks = 0xe6b6
                0x0000e6c2                _MAC_vRegisterMcpsDcfmIndCallbacks = 0xe6c2
                0x0000eeb1                _MAC_vLPBRegisterCallback = 0xeeb1
                0x0000ef0c                _MAC_vLPBSetBeaconMultiplier = 0xef0c
                0x0000efa2                _MAC_vLPBSleep = 0xefa2
                0x0000f04b                _MAC_vLPBAdjustWakeForNextBeacon = 0xf04b
                0x0000f105                _MAC_bLPBProcessWake = 0xf105
                0x0000f1b6                _MAC_vLPBCalibrateTimer = 0xf1b6
                0x00011cfe                _u8AppApiReadMsq = 0x11cfe
                0x000136d0                _memcpy = 0x136d0
                0x00013748                _memcmp = 0x13748
                0x0001376c                _memset = 0x1376c
                0x0001377e                _vUTIL_NumToString = 0x1377e
                0x000137a6                _vUTIL_UartText = 0x137a6
                0x000137e6                _vUTIL_UartTextToNewLine = 0x137e6
                0x00013802                _vUTIL_UartInit = 0x13802
                0x0001dc21                ___muldi3 = 0x1dc21
                0x0001dcf4                ___udivdi3 = 0x1dcf4
                0x0001e1e8                ___mulsi3 = 0x1e1e8
                0x040003a8                _g_pvMac = 0x40003a8
                0x040003ac                _g_sXcv = 0x40003ac
                0x04000b20                _g_sLP = 0x4000b20
                0x04000b64                _aprMacVectorRamTable = 0x4000b64
                0x0400006c                _aprLPBMacVectorRamTable = 0x400006c
                0x04000d00                __app_ram_start = 0x4000d00
                0x0400006c                _aprLPBMacVectorRamTable = 0x400006c
                0x0000df00                _MAC_vSetExtAddr = 0xdf00
                0x0000f4a4                _phy_ePibGet = 0xf4a4
                0x0000f3fc                _phy_ePibSet = 0xf3fc
                0x0001362e                _TSV_eStop = 0x1362e
                0x00013498                _TSV_eOpen = 0x13498
                0x00013562                _TSV_eStart = 0x13562
                0x000136a4                _TSV_eClose = 0x136a4
                0x000133c5                _vXCV_IntHandlerPhy = 0x133c5
                0x00013346                _vXCV_IntHandlerBbc = 0x13346
                0x0000de04                _MAC_vHandleMlmeReqRsp = 0xde04
                0x0000dde2                _MAC_vHandleMcpsReqRsp = 0xdde2
                0x0000a2cb                _pvHeap_Alloc = 0xa2cb
                0x00011f29                _bTACframeInProgress = 0x11f29
                0x0000ef5c                _MAC_u32ConvertTo16uS = 0xef5c
                0x00013323                _XCV_vDevWriteIER = 0x13323
                0x0001332d                _XCV_vDevRMW_IER = 0x1332d
                0x0000e6ce                _mac_psDcfmIndGetBuf = 0xe6ce
                0x0000e6f1                _mac_eDcfmIndPost = 0xe6f1
                0x00012bbe                _vTSCsetUpwardSecurity = 0x12bbe
                0x040002b0                _au16TimerSettings = 0x40002b0
                0x04000044                _pSPIflashFncTable = 0x4000044
                0x00009867                _u8SelectFlashChipType = 0x9867
                0x0000981c                _u16ZSPIflashRDID = 0x981c
                0x0001341f                _RND_u32GetRand = 0x1341f
                0x00013454                _RND_u32GetRand256 = 0x13454
                0x00013416                _RND_vInit = 0x13416
                0x00000800                _minimum_heap_size = 0x800
                0x00002000                _stack_size = 0x2000

.rom_workspace.os.o.s_u32CurrentPriorityMask
 *os.o(.bss.s_u32CurrentPriorityMask)

.rom_workspace.os.o.s_psCurrentTask
 *os.o(.bss.s_psCurrentTask)

.rom_workspace.os.o.s_prvUnclaimedISR
 *os.o(.bss.s_prvUnclaimedISR)

.rom_workspace.os.o.s_u32SuspendIRQNesting
 *os.o(.bss.s_u32SuspendIRQNesting)

.rom_workspace.os.o.s_u8SuspendedIPL
 *os.o(.bss.s_u8SuspendedIPL)

.rom_workspace.os.o.s_u32PendingQueue
 *os.o(.bss.s_u32PendingQueue)

.rom_workspace.os.o.s_asTasks
 *os.o(.bss.s_asTasks)

.rom_workspace.os.o.s_u8OSLevelIPL
 *os.o(.bss.s_u8OSLevelIPL)

.rom.OS_eGetCurrentTask
 *(.text.OS_eGetCurrentTask)

.rom.OS_eGetMessageStatus
 *(.text.OS_eGetMessageStatus)

.rom.OS_eSuspendOSInterrupts
 *(.text.OS_eSuspendOSInterrupts)

.rom.OS_eResumeOSInterrupts
 *(.text.OS_eResumeOSInterrupts)

.rom.OS_eDisableAllInterrupts
 *(.text.OS_eDisableAllInterrupts)

.rom.OS_eEnableAllInterrupts
 *(.text.OS_eEnableAllInterrupts)

.rom.OS_eGetSWTimerStatus
 *(.text.OS_eGetSWTimerStatus)

.rom.os_vUnclaimedInterrupt
 *(.text.os_vUnclaimedInterrupt)

.rom.eExpireSWTimer
 *(.text.eExpireSWTimer)

.rom.OS_eEnterCriticalSection
 *(.text.OS_eEnterCriticalSection)
                0x04000130                _os_g_aprPatchTable = 0x4000130

.rom_workspace.pdum_nwk.o.s_psFreeListHead
 *pdum_nwk.o(.bss.s_psFreeListHead)

.rom_workspace.pdum_nwk.o.s_psNPduPoolStart
 *pdum_nwk.o(.bss.s_psNPduPoolStart)

.rom_workspace.pdum_nwk.o.s_psNPduPoolEnd
 *pdum_nwk.o(.bss.s_psNPduPoolEnd)

.rom_workspace.pdum_nwk.o.s_hMutex
 *pdum_nwk.o(.bss.s_hMutex)

.rom_workspace.pdum_apl.o.s_hMutex
 *pdum_apl.o(.bss.s_hMutex)

.rom_workspace.pdum_apl.o.s_u16NumAPdus
 *pdum_apl.o(.bss.s_u16NumAPdus)

.rom_workspace.pdum_apl.o.s_asAPduPool
 *pdum_apl.o(.bss.s_asAPduPool)

.rom.PDUM_eNPduReadFooterNBO
 *(.text.PDUM_eNPduReadFooterNBO)

.rom.PDUM_eNPduReadHeaderNBO
 *(.text.PDUM_eNPduReadHeaderNBO)

.rom.PDUM_eNPduAppendDataNBO
 *(.text.PDUM_eNPduAppendDataNBO)

.rom.PDUM_eNPduAppendFooterNBO
 *(.text.PDUM_eNPduAppendFooterNBO)

.rom.PDUM_eNPduPrependHeaderNBO
 *(.text.PDUM_eNPduPrependHeaderNBO)

.rom.PDUM_eNPduAllocate
 *(.text.PDUM_eNPduAllocate)

.rom.PDUM_eNPduInitDescending
 *(.text.PDUM_eNPduInitDescending)

.rom.PDUM_eNPduInitAscending
 *(.text.PDUM_eNPduInitAscending)

.rom.PDUM_eNPduFree
 *(.text.PDUM_eNPduFree)

.rom.PDUM_eNPduClaimHeader
 *(.text.PDUM_eNPduClaimHeader)

.rom.PDUM_eNPduClaimFooter
 *(.text.PDUM_eNPduClaimFooter)

.rom.PDUM_eNPduClaimData
 *(.text.PDUM_eNPduClaimData)

.rom.PDUM_eNPduAscend
 *(.text.PDUM_eNPduAscend)

.rom.PDUM_eNPduDescend
 *(.text.PDUM_eNPduDescend)

.rom.PDUM_eNPduWriteToBuffer
 *(.text.PDUM_eNPduWriteToBuffer)

.rom.PDUM_eNPduWriteFromBuffer
 *(.text.PDUM_eNPduWriteFromBuffer)

.rom.PDUM_eNPduWriteDataToBuffer
 *(.text.PDUM_eNPduWriteDataToBuffer)

.rom.PDUM_eNPduWriteDataFromBuffer
 *(.text.PDUM_eNPduWriteDataFromBuffer)

.rom.pdum_vNPduInit
 *(.text.pdum_vNPduInit)

.rom.PDUM_pvAPduInstanceGetPayload
 *(.text.PDUM_pvAPduInstanceGetPayload)

.rom.PDUM_u16APduInstanceGetPayloadSize
 *(.text.PDUM_u16APduInstanceGetPayloadSize)

.rom.PDUM_eAPduInstanceSetPayloadSize
 *(.text.PDUM_eAPduInstanceSetPayloadSize)

.rom.PDUM_u16APduGetSize
 *(.text.PDUM_u16APduGetSize)

.rom.PDUM_u16APduInstanceWriteStrNBO
 *(.text.PDUM_u16APduInstanceWriteStrNBO)

.rom.PDUM_u16APduInstanceWriteNBO
 *(.text.PDUM_u16APduInstanceWriteNBO)

.rom.PDUM_u16APduInstanceReadNBO
 *(.text.PDUM_u16APduInstanceReadNBO)

.rom.PDUM_hAPduAllocateAPduInstance
 *(.text.PDUM_hAPduAllocateAPduInstance)

.rom.PDUM_eAPduFreeAPduInstance
 *(.text.PDUM_eAPduFreeAPduInstance)

.rom.pdum_vAPduInit
 *(.text.pdum_vAPduInit)

.rom.PDUM_u16SizeNBO
 *(.text.PDUM_u16SizeNBO)

.rom.pdum_u16WriteNBO
 *(.text.pdum_u16WriteNBO)

.rom.pdum_u16WriteStrNBO
 *(.text.pdum_u16WriteStrNBO)

.rom.pdum_u16ReadNBO
 *(.text.pdum_u16ReadNBO)

.rom.vDumpPayload
 *(.text.vDumpPayload)

.rom.PDUM_vDBGPrintNPdu
 *(.text.PDUM_vDBGPrintNPdu)
                0x04000084                _pdum_g_aprPatchTable = 0x4000084

.rom_workspace.pwrm.o.s_bWakeTimerActive
 *pwrm.o(.bss.s_bWakeTimerActive)

.rom_workspace.pwrm.o.s_ePowerMode
 *pwrm.o(.bss.s_ePowerMode)

.rom_workspace.pwrm.o.s_psPreSleepCallbacks
 *pwrm.o(.bss.s_psPreSleepCallbacks)

.rom_workspace.pwrm.o.u32CalibrationValue
 *pwrm.o(.bss.u32CalibrationValue)

.rom_workspace.pwrm.o.psNextWake
 *pwrm.o(.bss.psNextWake)

.rom.pwrm_vRegisterPreSleepCallback
 *(.text.pwrm_vRegisterPreSleepCallback)

.rom.PWRM_vSetupDozeMonitor
 *(.text.PWRM_vSetupDozeMonitor)

.rom.PWRM_vResetDozeTimers
 *(.text.PWRM_vResetDozeTimers)

.rom.PWRM_u32GetDozeTime
 *(.text.PWRM_u32GetDozeTime)

.rom.PWRM_u32GetDozeElapsedTime
 *(.text.PWRM_u32GetDozeElapsedTime)

.rom.PWRM_vWakeInterruptCallback
 *(.text.PWRM_vWakeInterruptCallback)

.rom.PWRM_eScheduleActivity
 *(.text.PWRM_eScheduleActivity)
                0x04000380                pwrm_psWakeupCallbacks = 0x4000380

.rom_workspace.dbg.o.vResetFn
 *dbg.o(.bss.vResetFn)

.rom_workspace.dbg.o.vPutchFn
 *dbg.o(.bss.vPutchFn)

.rom_workspace.dbg.o.vFlushFn
 *dbg.o(.bss.vFlushFn)

.rom_workspace.dbg.o.vStopFn
 *dbg.o(.bss.vStopFn)

.rom_workspace.dbg_uart.o.u8AhiUart
 *dbg_uart.o(.bss.u8AhiUart)

.rom_workspace.dbg.o.bIsNewline
 *dbg.o(.data.bIsNewline)

.rom_workspace.dbg_uart.o.u8AhiBaudRate
 *dbg_uart.o(.data.u8AhiBaudRate)

.rom.DBG_vReset
 *(.text.DBG_vReset)

.rom.vWriteUIntToBuffer
 *(.text.vWriteUIntToBuffer)

.rom.vNewLine
 *(.text.vNewLine)

.rom.dbg_vAssertImpl
 *(.text.dbg_vAssertImpl)

.rom.DBG_vUartFlush
 *(.text.DBG_vUartFlush)

.rom.DBG_vUartPutch
 *(.text.DBG_vUartPutch)

.rom.DBG_vUartInitHardware
 *(.text.DBG_vUartInitHardware)
                0x04000110                _dbg_g_aprPatchTable = 0x4000110

.rom_workspace.zps_mac.o.s_hMacMutex
 *zps_mac.o(.bss.s_hMacMutex)

.rom_workspace.zps_mac.o.s_sDcfmIndMgr
 *zps_mac.o(.bss.s_sDcfmIndMgr)

.rom_workspace.zps_mac.o.prHandleMlmeReqRsp
 *zps_mac.o(.data.prHandleMlmeReqRsp)

.rom_workspace.zps_mac.o.prHandleMcpsReqRsp
 *zps_mac.o(.data.prHandleMcpsReqRsp)

.rom.MAC_vRegisterMcpsVsDcfmIndCallbacks
 *(.text.MAC_vRegisterMcpsVsDcfmIndCallbacks)

.rom.MAC_vHandleMlmeVsReqRsp
 *(.text.MAC_vHandleMlmeVsReqRsp)

.rom.MAC_vHandleMcpsVsReqRsp
 *(.text.MAC_vHandleMcpsVsReqRsp)

.rom.MAC_vSetMutex
 *(.text.MAC_vSetMutex)
                0x040001b4                _zpsmac_g_aprPatchTable = 0x40001b4

.rom.u32NumberOfEmptyMasksInGroupTable
 *(.text.u32NumberOfEmptyMasksInGroupTable)

.rom.vSetAllEndpointBitmasksForGroup
 *(.text.vSetAllEndpointBitmasksForGroup)

.rom.eHandleAddEntryToGroupTable
 *(.text.eHandleAddEntryToGroupTable)

.rom.zps_vNwkLibU16ToPayload
 *(.text.zps_vNwkLibU16ToPayload)

.rom.zps_vNwkLibU32ToPayload
 *(.text.zps_vNwkLibU32ToPayload)

.rom.zps_vNwkLibU64ToPayload
 *(.text.zps_vNwkLibU64ToPayload)

.rom.zps_u16NwkLibFromPayload
 *(.text.zps_u16NwkLibFromPayload)

.rom.zps_u32NwkLibFromPayload
 *(.text.zps_u32NwkLibFromPayload)

.rom.zps_u64NwkLibFromPayload
 *(.text.zps_u64NwkLibFromPayload)

.rom.zps_vNwkSlistInit
 *(.text.zps_vNwkSlistInit)

.rom.zps_vNwkSlistAddToHead
 *(.text.zps_vNwkSlistAddToHead)

.rom.zps_vNwkSlistAddToTail
 *(.text.zps_vNwkSlistAddToTail)

.rom.zps_vNwkSlistInsertAfter
 *(.text.zps_vNwkSlistInsertAfter)

.rom.zps_psNwkSlistRemoveFromHead
 *(.text.zps_psNwkSlistRemoveFromHead)

.rom.zps_psNwkSlistRemove
 *(.text.zps_psNwkSlistRemove)

.rom.zps_vNwkSlistMakeLimboNode
 *(.text.zps_vNwkSlistMakeLimboNode)

.rom.zps_bNwkSlistIsLimboNode
 *(.text.zps_bNwkSlistIsLimboNode)

.flashheader    0x04000cd0       0x24
                0x04000cd0                _flash_beg = <code 342> (.)
                0x04000cd0        0x4 LONG 0xe0e0
                0x04000cd4        0x4 LONG 0x4000d00 <code 342> (_data_beg)
                0x04000cd8        0x4 LONG 0x10598 _data_len
                0x04000cdc        0x4 LONG 0x1060035
                0x04000ce0        0x4 LONG 0x0
                0x04000ce4        0x4 LONG 0x40112a0 <code 342> (_bss_beg)
                0x04000ce8        0x4 LONG 0x3d9c _bss_len
                0x04000cec        0x4 LONG 0x4001806 <code 342> (_AppWarmStart)
                0x04000cf0        0x4 LONG 0x400179d <code 342> (_AppColdStart)

.oad            0x04000cf4        0xc
                0x04000cf4        0x4 LONG 0xffffffff
                0x04000cf8        0x4 LONG 0xffffffff
                0x04000cfc        0x4 LONG 0xf0f0f0f0

.mac            0x04000d00       0x20
                0x04000d00                _enc_start = <code 342> (.)
                0x04000d00                _data_beg = <code 342> (.)
                0x04000d00        0x4 LONG 0xffffffff
                0x04000d04        0x4 LONG 0xffffffff
                0x04000d08        0x4 LONG 0xffffffff
                0x04000d0c        0x4 LONG 0xffffffff
                0x04000d10                _FlsLinkKey = <code 342> (.)
                0x04000d10        0x4 LONG 0xffffffff
                0x04000d14        0x4 LONG 0xffffffff
                0x04000d18        0x4 LONG 0xffffffff
                0x04000d1c        0x4 LONG 0xffffffff
                0x00000000                _enc_offset = (_enc_start & 0xf)
                [0x00000030]                _enc_start = (_enc_start - _flash_beg)

.heap_location  0x04000d20        0x8
                0x04000d20                _heap_location = .
                0x04000d20        0x4 LONG 0x401503c <code 342> (_heap_start)
                0x04000d24        0x4 LONG 0x401e000 <code 342> (_heap_end)

.rtc_clt        0x04000d28       0x28
                0x04000d28        0x4 LONG 0x0
                0x04000d2c        0x4 LONG 0x0
                0x04000d30        0x4 LONG 0x0
                0x04000d34        0x4 LONG 0x0
                0x04000d38        0x4 LONG 0x0
                0x04000d3c        0x4 LONG 0x0
                0x04000d40        0x4 LONG 0x0
                0x04000d44        0x4 LONG 0x0
                0x04000d48        0x4 LONG 0x0
                0x04000d4c        0x4 LONG 0x0

.ro_se_cert     0x04000d50        0x0
                0x04000d50                _FlsZcCert = <code 342> (.)
 *(.ro_se_cert)

.ro_se_pvKey    0x04000d50        0x0
                0x04000d50                _FlsPrivateKey = <code 342> (.)
 *(.ro_se_pvKey)

.rodata         0x04000d50      0x496
 *(.rodata*)
 .rodata.str1.1
                0x04000d50       0x8b obj_jenv/contiki-main.o
 .rodata.str1.1
                0x04000ddb       0x53 main.co
 *fill*         0x04000e2e        0x2 00
 .rodata.autostart_processes
                0x04000e30        0x8 main.co
                0x04000e30                _autostart_processes
 .rodata.str1.1
                0x04000e38        0xc contiki-jenv.a(etimer.o)
 .rodata.str1.1
                0x04000e44        0xd contiki-jenv.a(tcpip.o)
 .rodata.unc_llconf
                0x04000e51        0x4 contiki-jenv.a(sicslowpan.o)
                0x04000e51                _unc_llconf
 .rodata.unc_ctxconf
                0x04000e55        0x4 contiki-jenv.a(sicslowpan.o)
                0x04000e55                _unc_ctxconf
 .rodata.unc_mxconf
                0x04000e59        0x4 contiki-jenv.a(sicslowpan.o)
                0x04000e59                _unc_mxconf
 .rodata.llprefix
                0x04000e5d        0x2 contiki-jenv.a(sicslowpan.o)
                0x04000e5d                _llprefix
 .rodata.str1.1
                0x04000e5f        0xb contiki-jenv.a(sicslowpan.o)
 .rodata.sicslowpan_driver
                0x04000e6a        0xc contiki-jenv.a(sicslowpan.o)
                0x04000e6a                _sicslowpan_driver
 .rodata.ttl_values
                0x04000e76        0x4 contiki-jenv.a(sicslowpan.o)
 .rodata.nullradio_driver
                0x04000e7a       0x28 contiki-jenv.a(nullradio.o)
                0x04000e7a                _nullradio_driver
 .rodata.str1.1
                0x04000ea2       0x2b contiki-jenv.a(ieee802.o)
 .rodata.ieee_driver
                0x04000ecd       0x1c contiki-jenv.a(ieee802.o)
                0x04000ecd                _ieee_driver
 .rodata.str1.1
                0x04000ee9        0x8 contiki-jenv.a(sensors.o)
 .rodata.str1.1
                0x04000ef1       0x12 contiki-jenv.a(bootloader.o)
 .rodata.str1.1
                0x04000f03        0xc contiki-jenv.a(SHT21-sensor.o)
                                 0x3b (size before relaxing)
 .rodata.sht21_temperature_sensor
                0x04000f0f       0x10 contiki-jenv.a(SHT21-sensor.o)
                0x04000f0f                _sht21_temperature_sensor
 .rodata.sht21_humidity_sensor
                0x04000f1f       0x10 contiki-jenv.a(SHT21-sensor.o)
                0x04000f1f                _sht21_humidity_sensor
 .rodata.str1.1
                0x04000f2f       0x21 contiki-jenv.a(ext_temp_sensor)
 .rodata.ext_temp_sensor
                0x04000f50       0x10 contiki-jenv.a(ext_temp_sensor)
                0x04000f50                _ext_temp_sensor
 .rodata.str1.1
                0x04000f60       0x10 contiki-jenv.a(i2c.o)
 .rodata.str1.1
                0x04000f70       0xda contiki-jenv.a(init.o)
                                 0xdc (size before relaxing)
 .rodata.rimeaddr_null
                0x0400104a        0x8 contiki-jenv.a(rimeaddr.o)
                0x0400104a                _rimeaddr_null
 .rodata.str1.1
                0x04001052        0x8 contiki-jenv.a(nullrdc.o)
 .rodata.nullrdc_driver
                0x0400105a       0x1c contiki-jenv.a(nullrdc.o)
                0x0400105a                _nullrdc_driver
 .rodata.framer_nullmac
                0x04001076        0x8 contiki-jenv.a(framer-nullmac.)
                0x04001076                _framer_nullmac
 .rodata.str1.1
                0x0400107e        0xf contiki-jenv.a(ctimer.o)
 *fill*         0x0400108d        0x3 00
 .rodata.packetbuf
                0x04001090        0x4 contiki-jenv.a(packetbuf.o)
 .rodata.str1.1
                0x04001094       0x13 contiki-jenv.a(irq.o)
 *fill*         0x040010a7        0x1 00
 .rodata        0x040010a8        0x6 ../../../contiki-jn51xx/cpu/jennic/jn5148/libHwPatch.a(AHI_SystemPatch_JN5148.o)
 *fill*         0x040010ae        0x2 00
 .rodata        0x040010b0        0x8 ../../../contiki-jn51xx/cpu/jennic/jn5148/libHwPatch.a(AHI_UartPatch.o)
                0x040010b0                _au32UartAddrOffset
 .rodata        0x040010b8       0x10 /opt/toolchains/jn5148/ba2-elf/bin/../lib/gcc/ba-elf/4.1.2/ba2/libgcc.a(fp-bit.o)
                0x040010b8                ___thenan_sf
 .rodata        0x040010c8       0x18 /opt/toolchains/jn5148/ba2-elf/bin/../lib/gcc/ba-elf/4.1.2/ba2/libgcc.a(dp-bit.o)
                0x040010c8                ___thenan_df
 .rodata        0x040010e0      0x100 /opt/toolchains/jn5148/ba2-elf/bin/../lib/gcc/ba-elf/4.1.2/ba2/libgcc.a(_clz.o)
                0x040010e0                ___clz_tab
 .rodata        0x040011e0        0x4 /opt/toolchains/jn5148/ba2-elf/bin/../lib/gcc/ba-elf/4.1.2/../../../../ba-elf/lib/ba2/libc.a(impure.o)
                0x040011e0                __global_impure_ptr
 .rodata.str1.1
                0x040011e4        0x2 /opt/toolchains/jn5148/ba2-elf/bin/../lib/gcc/ba-elf/4.1.2/../../../../ba-elf/lib/ba2/libc.a(impure.o)

.data           0x040011e8      0x508
 *(.data*)
 .data          0x040011e8        0x0 obj_jenv/contiki-main.o
 .data.procinit
                0x040011e8       0x14 obj_jenv/contiki-main.o
                0x040011e8                _procinit
 .data.sensors  0x040011fc        0xc obj_jenv/contiki-main.o
                0x040011fc                _sensors
 .data          0x04001208        0x0 main.co
 .data.send_sensor
                0x04001208       0x10 main.co
                0x04001208                _send_sensor
 .data          0x04001218        0x0 contiki-jenv.a(process.o)
 .data          0x04001218        0x0 contiki-jenv.a(procinit.o)
 .data          0x04001218        0x0 contiki-jenv.a(autostart.o)
 .data          0x04001218        0x0 contiki-jenv.a(etimer.o)
 .data.etimer_process
                0x04001218       0x10 contiki-jenv.a(etimer.o)
                0x04001218                _etimer_process
 .data          0x04001228        0x0 contiki-jenv.a(netstack.o)
 .data          0x04001228        0x0 contiki-jenv.a(uip6.o)
 .data          0x04001228        0x0 contiki-jenv.a(tcpip.o)
 .data.tcpip_process
                0x04001228       0x10 contiki-jenv.a(tcpip.o)
                0x04001228                _tcpip_process
 .data          0x04001238        0x0 contiki-jenv.a(uip-udp-packet.)
 .data          0x04001238        0x0 contiki-jenv.a(uip-split.o)
 .data          0x04001238        0x0 contiki-jenv.a(uip-icmp6.o)
 .data          0x04001238        0x0 contiki-jenv.a(uip-nd6.o)
 .data          0x04001238        0x0 contiki-jenv.a(uip-packetqueue)
 .data.packets_memb
                0x04001238        0xc contiki-jenv.a(uip-packetqueue)
 .data          0x04001244        0x0 contiki-jenv.a(sicslowpan.o)
 .data.sicslowpan_tcpip_input
                0x04001244        0x4 contiki-jenv.a(sicslowpan.o)
                0x04001244                _sicslowpan_tcpip_input
 .data          0x04001248        0x0 contiki-jenv.a(uip-ds6.o)
 .data          0x04001248        0x0 contiki-jenv.a(nullradio.o)
 .data          0x04001248        0x0 contiki-jenv.a(ieee802.o)
 .data.ieee_process
                0x04001248       0x10 contiki-jenv.a(ieee802.o)
                0x04001248                _ieee_process
 .data          0x04001258        0x0 contiki-jenv.a(pff.o)
 .data          0x04001258        0x0 contiki-jenv.a(sd.o)
 .data          0x04001258        0x0 contiki-jenv.a(leds.o)
 .data          0x04001258        0x0 contiki-jenv.a(sensors.o)
 .data.sensors_process
                0x04001258       0x10 contiki-jenv.a(sensors.o)
                0x04001258                _sensors_process
 .data          0x04001268        0x0 contiki-jenv.a(bootloader.o)
 .data.jennic_bootloader_process
                0x04001268       0x10 contiki-jenv.a(bootloader.o)
                0x04001268                _jennic_bootloader_process
 .data          0x04001278        0x0 contiki-jenv.a(SHT21-sensor.o)
 .data.t.3303   0x04001278       0x10 contiki-jenv.a(SHT21-sensor.o)
 .data.t.3205   0x04001288       0x10 contiki-jenv.a(SHT21-sensor.o)
 .data          0x04001298        0x0 contiki-jenv.a(ext_temp_sensor)
 .data          0x04001298        0x0 contiki-jenv.a(clock.o)
 .data          0x04001298        0x0 contiki-jenv.a(uart0.o)
 .data          0x04001298        0x0 contiki-jenv.a(jts.o)
 .data          0x04001298        0x0 contiki-jenv.a(i2c.o)
 .data.i2c_process
                0x04001298       0x10 contiki-jenv.a(i2c.o)
                0x04001298                _i2c_process
 .data          0x040012a8        0x0 contiki-jenv.a(sprintf.o)
 .data          0x040012a8        0x0 contiki-jenv.a(watchdog.o)
 .data          0x040012a8        0x0 contiki-jenv.a(init.o)
 .data          0x040012a8        0x0 contiki-jenv.a(rimeaddr.o)
 .data          0x040012a8        0x0 contiki-jenv.a(nullrdc.o)
 .data          0x040012a8        0x0 contiki-jenv.a(mac.o)
 .data          0x040012a8        0x0 contiki-jenv.a(framer-nullmac.)
 .data          0x040012a8        0x0 contiki-jenv.a(memb.o)
 .data          0x040012a8        0x0 contiki-jenv.a(timer.o)
 .data          0x040012a8        0x0 contiki-jenv.a(list.o)
 .data          0x040012a8        0x0 contiki-jenv.a(ctimer.o)
 .data.ctimer_process
                0x040012a8       0x10 contiki-jenv.a(ctimer.o)
                0x040012a8                _ctimer_process
 .data          0x040012b8        0x0 contiki-jenv.a(rtimer.o)
 .data          0x040012b8        0x0 contiki-jenv.a(stimer.o)
 .data          0x040012b8        0x0 contiki-jenv.a(random.o)
 .data          0x040012b8        0x0 contiki-jenv.a(ringbuf.o)
 .data          0x040012b8        0x0 contiki-jenv.a(packetbuf.o)
 .data          0x040012b8        0x0 contiki-jenv.a(queuebuf.o)
 .data.bufmem   0x040012b8        0xc contiki-jenv.a(queuebuf.o)
 .data.refbufmem
                0x040012c4        0xc contiki-jenv.a(queuebuf.o)
 .data          0x040012d0        0x0 contiki-jenv.a(leds-arch.o)
 .data          0x040012d0        0x0 contiki-jenv.a(irq.o)
 .data.adc_sample_process
                0x040012d0       0x10 contiki-jenv.a(irq.o)
                0x040012d0                _adc_sample_process
 .data          0x040012e0        0x0 ../../../contiki-jn51xx/cpu/jennic/jn5148/libHwPatch.a(AHI_SystemPatch_JN5148.o)
 .data          0x040012e0        0x0 ../../../contiki-jn51xx/cpu/jennic/jn5148/libHwPatch.a(AHI_TimerIntPatch.o)
 .data          0x040012e0        0x0 ../../../contiki-jn51xx/cpu/jennic/jn5148/libHwPatch.a(AHI_BrownOutPatch.o)
 .data          0x040012e0        0x0 ../../../contiki-jn51xx/cpu/jennic/jn5148/libHwPatch.a(AHI_SiPatch48.o)
 .data          0x040012e0        0x0 ../../../contiki-jn51xx/cpu/jennic/jn5148/libHwPatch.a(AHI_SpiPatch.o)
 .data          0x040012e0        0x0 ../../../contiki-jn51xx/cpu/jennic/jn5148/libHwPatch.a(AHI_AnaloguePatch.o)
 .data          0x040012e0        0x0 ../../../contiki-jn51xx/cpu/jennic/jn5148/libHwPatch.a(AHI_InitPatch.o)
 .data          0x040012e0        0x0 ../../../contiki-jn51xx/cpu/jennic/jn5148/libHwPatch.a(AHI_FifoPatch.o)
 .data          0x040012e0        0x0 ../../../contiki-jn51xx/cpu/jennic/jn5148/libHwPatch.a(AHI_FlashPatch_JN514x.o)
 .data          0x040012e0        0x0 ../../../contiki-jn51xx/cpu/jennic/jn5148/libHwPatch.a(AHI_UartPatch.o)
 .data          0x040012e0        0x0 ../../../contiki-jn51xx/cpu/jennic/jn5148/libHwPatch.a(AHI_DioPatch.o)
 .data          0x040012e0        0x0 ../../../contiki-jn51xx/cpu/jennic/jn5148/libMacPatch.a(JN514x_MacPatch.o)
 .data.psTimerList
                0x040012e0        0x4 ../../../contiki-jn51xx/cpu/jennic/jn5148/libMacPatch.a(JN514x_MacPatch.o)
                0x040012e0                _psTimerList
 .data.aprCCMStarVector
                0x040012e4        0x4 ../../../contiki-jn51xx/cpu/jennic/jn5148/libMacPatch.a(JN514x_MacPatch.o)
                0x040012e4                _aprCCMStarVector
 .data          0x040012e8        0x0 /opt/toolchains/jn5148/ba2-elf/bin/../lib/gcc/ba-elf/4.1.2/ba2/libgcc.a(__udivsi3.o)
 .data          0x040012e8        0x0 /opt/toolchains/jn5148/ba2-elf/bin/../lib/gcc/ba-elf/4.1.2/ba2/libgcc.a(__umodsi3.o)
 .data          0x040012e8        0x0 /opt/toolchains/jn5148/ba2-elf/bin/../lib/gcc/ba-elf/4.1.2/ba2/libgcc.a(__modsi3.o)
 .data          0x040012e8        0x0 /opt/toolchains/jn5148/ba2-elf/bin/../lib/gcc/ba-elf/4.1.2/ba2/libgcc.a(_udivdi3.o)
 .data          0x040012e8        0x0 /opt/toolchains/jn5148/ba2-elf/bin/../lib/gcc/ba-elf/4.1.2/ba2/libgcc.a(fp-bit.o)
 .data          0x040012e8        0x0 /opt/toolchains/jn5148/ba2-elf/bin/../lib/gcc/ba-elf/4.1.2/ba2/libgcc.a(dp-bit.o)
 .data          0x040012e8        0x0 /opt/toolchains/jn5148/ba2-elf/bin/../lib/gcc/ba-elf/4.1.2/ba2/libgcc.a(__mulsi3.o)
 .data          0x040012e8        0x0 /opt/toolchains/jn5148/ba2-elf/bin/../lib/gcc/ba-elf/4.1.2/ba2/libgcc.a(_muldi3.o)
 .data          0x040012e8        0x0 /opt/toolchains/jn5148/ba2-elf/bin/../lib/gcc/ba-elf/4.1.2/ba2/libgcc.a(_lshrdi3.o)
 .data          0x040012e8        0x0 /opt/toolchains/jn5148/ba2-elf/bin/../lib/gcc/ba-elf/4.1.2/ba2/libgcc.a(_ashldi3.o)
 .data          0x040012e8        0x0 /opt/toolchains/jn5148/ba2-elf/bin/../lib/gcc/ba-elf/4.1.2/ba2/libgcc.a(_clz.o)
 .data          0x040012e8        0x0 /opt/toolchains/jn5148/ba2-elf/bin/../lib/gcc/ba-elf/4.1.2/../../../../ba-elf/lib/ba2/libc.a(isblank.o)
 .data          0x040012e8        0x0 /opt/toolchains/jn5148/ba2-elf/bin/../lib/gcc/ba-elf/4.1.2/../../../../ba-elf/lib/ba2/libc.a(memcmp.o)
 .data          0x040012e8        0x0 /opt/toolchains/jn5148/ba2-elf/bin/../lib/gcc/ba-elf/4.1.2/../../../../ba-elf/lib/ba2/libc.a(memcpy.o)
 .data          0x040012e8        0x0 /opt/toolchains/jn5148/ba2-elf/bin/../lib/gcc/ba-elf/4.1.2/../../../../ba-elf/lib/ba2/libc.a(memmove.o)
 .data          0x040012e8        0x0 /opt/toolchains/jn5148/ba2-elf/bin/../lib/gcc/ba-elf/4.1.2/../../../../ba-elf/lib/ba2/libc.a(memset.o)
 .data          0x040012e8        0x0 /opt/toolchains/jn5148/ba2-elf/bin/../lib/gcc/ba-elf/4.1.2/../../../../ba-elf/lib/ba2/libc.a(rand.o)
 .data          0x040012e8        0x0 /opt/toolchains/jn5148/ba2-elf/bin/../lib/gcc/ba-elf/4.1.2/../../../../ba-elf/lib/ba2/libc.a(strlen.o)
 .data          0x040012e8      0x408 /opt/toolchains/jn5148/ba2-elf/bin/../lib/gcc/ba-elf/4.1.2/../../../../ba-elf/lib/ba2/libc.a(impure.o)
                0x040012e8                __impure_ptr

.gdb
 libSWDebug.a(.text)
 *(.dbgtxt*)

.text           0x040016f0     0xfba7
                0x040016f0                _text_start = <code 342> (.)
 *(.text*)
 .text          0x040016f0        0x0 obj_jenv/contiki-main.o
 .text.uip_log  0x040016f0        0x4 obj_jenv/contiki-main.o
                0x040016f0                _uip_log
 .text.init_net
                0x040016f4       0xa9 obj_jenv/contiki-main.o
                0x040016f4                _init_net
 .text.AppColdStart
                0x0400179d       0x69 obj_jenv/contiki-main.o
                0x0400179d                _AppColdStart
 .text.AppWarmStart
                0x04001806        0x2 obj_jenv/contiki-main.o
                0x04001806                _AppWarmStart
 .text          0x04001808        0x0 main.co
 .text.con_com  0x04001808       0x37 main.co
                0x04001808                _con_com
 .text.process_thread_send_sensor
                0x0400183f      0x345 main.co
 .text          0x04001b84        0x0 contiki-jenv.a(process.o)
 .text.process_alloc_event
                0x04001b84       0x12 contiki-jenv.a(process.o)
                0x04001b84                _process_alloc_event
 .text.call_process
                0x04001b96       0x60 contiki-jenv.a(process.o)
 .text.exit_process
                0x04001bf6      0x14b contiki-jenv.a(process.o)
 .text.process_exit
                0x04001d41        0x8 contiki-jenv.a(process.o)
                0x04001d41                _process_exit
 .text.process_init
                0x04001d49       0x24 contiki-jenv.a(process.o)
                0x04001d49                _process_init
 .text.do_poll  0x04001d6d       0x4d contiki-jenv.a(process.o)
 .text.process_run
                0x04001dba      0x128 contiki-jenv.a(process.o)
                0x04001dba                _process_run
 .text.process_nevents
                0x04001ee2       0x14 contiki-jenv.a(process.o)
                0x04001ee2                _process_nevents
 .text.process_post
                0x04001ef6       0x6a contiki-jenv.a(process.o)
                0x04001ef6                _process_post
 .text.process_post_synch
                0x04001f60       0x15 contiki-jenv.a(process.o)
                0x04001f60                _process_post_synch
 .text.process_start
                0x04001f75       0x5f contiki-jenv.a(process.o)
                0x04001f75                _process_start
 .text.process_poll
                0x04001fd4       0x1d contiki-jenv.a(process.o)
                0x04001fd4                _process_poll
 .text.process_is_running
                0x04001ff1        0xe contiki-jenv.a(process.o)
                0x04001ff1                _process_is_running
 .text          0x04001fff        0x0 contiki-jenv.a(procinit.o)
 .text.procinit_init
                0x04001fff       0x1b contiki-jenv.a(procinit.o)
                0x04001fff                _procinit_init
 .text          0x0400201a        0x0 contiki-jenv.a(autostart.o)
 .text.autostart_exit
                0x0400201a       0x15 contiki-jenv.a(autostart.o)
                0x0400201a                _autostart_exit
 .text.autostart_start
                0x0400202f       0x17 contiki-jenv.a(autostart.o)
                0x0400202f                _autostart_start
 .text          0x04002046        0x0 contiki-jenv.a(etimer.o)
 .text.etimer_expired
                0x04002046       0x29 contiki-jenv.a(etimer.o)
                0x04002046                _etimer_expired
 .text.etimer_expiration_time
                0x0400206f       0x41 contiki-jenv.a(etimer.o)
                0x0400206f                _etimer_expiration_time
 .text.etimer_start_time
                0x040020b0       0x23 contiki-jenv.a(etimer.o)
                0x040020b0                _etimer_start_time
 .text.etimer_pending
                0x040020d3       0x11 contiki-jenv.a(etimer.o)
                0x040020d3                _etimer_pending
 .text.update_time
                0x040020e4       0xf1 contiki-jenv.a(etimer.o)
 .text.etimer_stop
                0x040021d5       0xad contiki-jenv.a(etimer.o)
                0x040021d5                _etimer_stop
 .text.etimer_adjust
                0x04002282       0x37 contiki-jenv.a(etimer.o)
                0x04002282                _etimer_adjust
 .text.etimer_request_poll
                0x040022b9        0x9 contiki-jenv.a(etimer.o)
                0x040022b9                _etimer_request_poll
 .text.add_timer
                0x040022c2       0xaa contiki-jenv.a(etimer.o)
 .text.etimer_restart
                0x0400236c        0xf contiki-jenv.a(etimer.o)
                0x0400236c                _etimer_restart
 .text.etimer_reset
                0x0400237b        0xf contiki-jenv.a(etimer.o)
                0x0400237b                _etimer_reset
 .text.etimer_set
                0x0400238a        0xf contiki-jenv.a(etimer.o)
                0x0400238a                _etimer_set
 .text.process_thread_etimer_process
                0x04002399      0x1ea contiki-jenv.a(etimer.o)
 .text.etimer_next_expiration_time
                0x04002583       0x15 contiki-jenv.a(etimer.o)
                0x04002583                _etimer_next_expiration_time
 .text          0x04002598        0x0 contiki-jenv.a(netstack.o)
 .text.netstack_init
                0x04002598       0xba contiki-jenv.a(netstack.o)
                0x04002598                _netstack_init
 .text          0x04002652        0x0 contiki-jenv.a(uip6.o)
 .text.uip_add32
                0x04002652       0x9d contiki-jenv.a(uip6.o)
                0x04002652                _uip_add32
 .text.chksum   0x040026ef       0x47 contiki-jenv.a(uip6.o)
 .text.upper_layer_chksum
                0x04002736       0x64 contiki-jenv.a(uip6.o)
 .text.uip_icmp6chksum
                0x0400279a        0xc contiki-jenv.a(uip6.o)
                0x0400279a                _uip_icmp6chksum
 .text.uip_tcpchksum
                0x040027a6        0xb contiki-jenv.a(uip6.o)
                0x040027a6                _uip_tcpchksum
 .text.uip_udpchksum
                0x040027b1        0xc contiki-jenv.a(uip6.o)
                0x040027b1                _uip_udpchksum
 .text.uip_unlisten
                0x040027bd       0x41 contiki-jenv.a(uip6.o)
                0x040027bd                _uip_unlisten
 .text.uip_listen
                0x040027fe       0x3f contiki-jenv.a(uip6.o)
                0x040027fe                _uip_listen
 .text.uip_add_rcv_nxt
                0x0400283d       0x50 contiki-jenv.a(uip6.o)
 .text.uip_htons
                0x0400288d        0x3 contiki-jenv.a(uip6.o)
                0x0400288d                _uip_htons
 .text.uip_htonl
                0x04002890        0x3 contiki-jenv.a(uip6.o)
                0x04002890                _uip_htonl
 .text.uip_send
                0x04002893       0x32 contiki-jenv.a(uip6.o)
                0x04002893                _uip_send
 .text.ext_hdr_options_process
                0x040028c5       0x96 contiki-jenv.a(uip6.o)
 *fill*         0x0400295b        0x1 00
 .text.uip_process
                0x0400295c     0x12c4 contiki-jenv.a(uip6.o)
                0x0400295c                _uip_process
 .text.uip_init
                0x04003c20       0x54 contiki-jenv.a(uip6.o)
                0x04003c20                _uip_init
 .text.uip_chksum
                0x04003c74       0x14 contiki-jenv.a(uip6.o)
                0x04003c74                _uip_chksum
 .text.uip_udp_new
                0x04003c88       0xdf contiki-jenv.a(uip6.o)
                0x04003c88                _uip_udp_new
 .text.uip_connect
                0x04003d67      0x159 contiki-jenv.a(uip6.o)
                0x04003d67                _uip_connect
 .text.uip_ipchksum
                0x04003ec0       0x23 contiki-jenv.a(uip6.o)
                0x04003ec0                _uip_ipchksum
 .text          0x04003ee3        0x0 contiki-jenv.a(tcpip.o)
 .text.tcpip_output
                0x04003ee3       0x19 contiki-jenv.a(tcpip.o)
                0x04003ee3                _tcpip_output
 .text.tcpip_set_outputfunc
                0x04003efc        0x9 contiki-jenv.a(tcpip.o)
                0x04003efc                _tcpip_set_outputfunc
 .text.tcp_attach
                0x04003f05       0x3f contiki-jenv.a(tcpip.o)
                0x04003f05                _tcp_attach
 .text.udp_attach
                0x04003f44       0x3f contiki-jenv.a(tcpip.o)
                0x04003f44                _udp_attach
 .text.tcp_unlisten
                0x04003f83       0xbe contiki-jenv.a(tcpip.o)
                0x04003f83                _tcp_unlisten
 .text.start_periodic_tcp_timer
                0x04004041       0x1e contiki-jenv.a(tcpip.o)
 .text.tcpip_uipcall
                0x0400405f      0x143 contiki-jenv.a(tcpip.o)
                0x0400405f                _tcpip_uipcall
 .text.tcpip_input
                0x040041a2       0x1f contiki-jenv.a(tcpip.o)
                0x040041a2                _tcpip_input
 .text.tcpip_poll_tcp
                0x040041c1        0xd contiki-jenv.a(tcpip.o)
                0x040041c1                _tcpip_poll_tcp
 .text.tcpip_poll_udp
                0x040041ce        0xd contiki-jenv.a(tcpip.o)
                0x040041ce                _tcpip_poll_udp
 .text.tcpip_ipv6_output
                0x040041db      0x28b contiki-jenv.a(tcpip.o)
                0x040041db                _tcpip_ipv6_output
 .text.process_thread_tcpip_process
                0x04004466      0x2a2 contiki-jenv.a(tcpip.o)
 .text.udp_new  0x04004708       0x4a contiki-jenv.a(tcpip.o)
                0x04004708                _udp_new
 .text.udp_broadcast_new
                0x04004752       0x3b contiki-jenv.a(tcpip.o)
                0x04004752                _udp_broadcast_new
 .text.tcp_listen
                0x0400478d       0x78 contiki-jenv.a(tcpip.o)
                0x0400478d                _tcp_listen
 .text.tcp_connect
                0x04004805       0x4e contiki-jenv.a(tcpip.o)
                0x04004805                _tcp_connect
 .text          0x04004853        0x0 contiki-jenv.a(uip-udp-packet.)
 .text.uip_udp_packet_send
                0x04004853       0x3b contiki-jenv.a(uip-udp-packet.)
                0x04004853                _uip_udp_packet_send
 .text.uip_udp_packet_sendto
                0x0400488e       0x5e contiki-jenv.a(uip-udp-packet.)
                0x0400488e                _uip_udp_packet_sendto
 .text          0x040048ec        0x0 contiki-jenv.a(uip-split.o)
 .text.uip_split_output
                0x040048ec       0xea contiki-jenv.a(uip-split.o)
                0x040048ec                _uip_split_output
 .text          0x040049d6        0x0 contiki-jenv.a(uip-icmp6.o)
 .text.uip_icmp6_send
                0x040049d6       0xa5 contiki-jenv.a(uip-icmp6.o)
                0x040049d6                _uip_icmp6_send
 .text.uip_icmp6_echo_request_input
                0x04004a7b       0xfe contiki-jenv.a(uip-icmp6.o)
                0x04004a7b                _uip_icmp6_echo_request_input
 .text.uip_icmp6_error_output
                0x04004b79      0x20c contiki-jenv.a(uip-icmp6.o)
                0x04004b79                _uip_icmp6_error_output
 .text          0x04004d85        0x0 contiki-jenv.a(uip-nd6.o)
 .text.uip_nd6_ra_input
                0x04004d85      0x640 contiki-jenv.a(uip-nd6.o)
                0x04004d85                _uip_nd6_ra_input
 .text.create_llao
                0x040053c5       0x2e contiki-jenv.a(uip-nd6.o)
 .text.uip_nd6_rs_output
                0x040053f3      0x1c9 contiki-jenv.a(uip-nd6.o)
                0x040053f3                _uip_nd6_rs_output
 .text.uip_nd6_ns_output
                0x040055bc      0x1e3 contiki-jenv.a(uip-nd6.o)
                0x040055bc                _uip_nd6_ns_output
 .text.uip_nd6_na_input
                0x0400579f      0x288 contiki-jenv.a(uip-nd6.o)
                0x0400579f                _uip_nd6_na_input
 .text.uip_nd6_ns_input
                0x04005a27      0x4f8 contiki-jenv.a(uip-nd6.o)
                0x04005a27                _uip_nd6_ns_input
 .text          0x04005f1f        0x0 contiki-jenv.a(uip-packetqueue)
 .text.uip_packetqueue_new
                0x04005f1f        0xf contiki-jenv.a(uip-packetqueue)
                0x04005f1f                _uip_packetqueue_new
 .text.uip_packetqueue_buf
                0x04005f2e       0x2a contiki-jenv.a(uip-packetqueue)
                0x04005f2e                _uip_packetqueue_buf
 .text.uip_packetqueue_buflen
                0x04005f58       0x34 contiki-jenv.a(uip-packetqueue)
                0x04005f58                _uip_packetqueue_buflen
 .text.uip_packetqueue_set_buflen
                0x04005f8c       0x2f contiki-jenv.a(uip-packetqueue)
                0x04005f8c                _uip_packetqueue_set_buflen
 .text.uip_packetqueue_free
                0x04005fbb       0x63 contiki-jenv.a(uip-packetqueue)
                0x04005fbb                _uip_packetqueue_free
 .text.packet_timedout
                0x0400601e       0x3b contiki-jenv.a(uip-packetqueue)
 .text.uip_packetqueue_alloc
                0x04006059       0x7d contiki-jenv.a(uip-packetqueue)
                0x04006059                _uip_packetqueue_alloc
 .text          0x040060d6        0x0 contiki-jenv.a(sicslowpan.o)
 .text.addr_context_lookup_by_number
                0x040060d6       0x20 contiki-jenv.a(sicslowpan.o)
 .text.packet_sent
                0x040060f6        0x3 contiki-jenv.a(sicslowpan.o)
 .text.compress_addr_64
                0x040060f9       0xdd contiki-jenv.a(sicslowpan.o)
 .text.uncompress_addr
                0x040061d6       0x8a contiki-jenv.a(sicslowpan.o)
 .text.input    0x04006260      0x6e3 contiki-jenv.a(sicslowpan.o)
 .text.sicslowpan_init
                0x04006943       0x38 contiki-jenv.a(sicslowpan.o)
                0x04006943                _sicslowpan_init
 .text.addr_context_lookup_by_prefix
                0x0400697b       0x2d contiki-jenv.a(sicslowpan.o)
 .text.send_packet
                0x040069a8       0x46 contiki-jenv.a(sicslowpan.o)
 .text.sicslowpan_output
                0x040069ee      0x941 contiki-jenv.a(sicslowpan.o)
                0x040069ee                _sicslowpan_output
 .text          0x0400732f        0x0 contiki-jenv.a(uip-ds6.o)
 .text.uip_ds6_defrt_rm
                0x0400732f        0x9 contiki-jenv.a(uip-ds6.o)
                0x0400732f                _uip_ds6_defrt_rm
 .text.uip_ds6_prefix_rm
                0x04007338        0x9 contiki-jenv.a(uip-ds6.o)
                0x04007338                _uip_ds6_prefix_rm
 .text.uip_ds6_get_link_local
                0x04007341       0x4d contiki-jenv.a(uip-ds6.o)
                0x04007341                _uip_ds6_get_link_local
 .text.uip_ds6_get_global
                0x0400738e       0x4d contiki-jenv.a(uip-ds6.o)
                0x0400738e                _uip_ds6_get_global
 .text.uip_ds6_maddr_rm
                0x040073db        0x9 contiki-jenv.a(uip-ds6.o)
                0x040073db                _uip_ds6_maddr_rm
 .text.uip_ds6_aaddr_rm
                0x040073e4        0x9 contiki-jenv.a(uip-ds6.o)
                0x040073e4                _uip_ds6_aaddr_rm
 .text.uip_ds6_route_rm
                0x040073ed        0x6 contiki-jenv.a(uip-ds6.o)
                0x040073ed                _uip_ds6_route_rm
 .text.get_match_length
                0x040073f3       0x50 contiki-jenv.a(uip-ds6.o)
                0x040073f3                _get_match_length
 .text.uip_ds6_select_src
                0x04007443       0xd3 contiki-jenv.a(uip-ds6.o)
                0x04007443                _uip_ds6_select_src
 .text.uip_ds6_compute_reachable_time
                0x04007516       0x4b contiki-jenv.a(uip-ds6.o)
                0x04007516                _uip_ds6_compute_reachable_time
 .text.uip_ds6_dad
                0x04007561       0x72 contiki-jenv.a(uip-ds6.o)
                0x04007561                _uip_ds6_dad
 .text.uip_ds6_set_addr_iid
                0x040075d3       0x1f contiki-jenv.a(uip-ds6.o)
                0x040075d3                _uip_ds6_set_addr_iid
 .text.uip_ds6_route_rm_by_nexthop
                0x040075f2       0x49 contiki-jenv.a(uip-ds6.o)
                0x040075f2                _uip_ds6_route_rm_by_nexthop
 .text.uip_ds6_route_lookup
                0x0400763b       0x57 contiki-jenv.a(uip-ds6.o)
                0x0400763b                _uip_ds6_route_lookup
 .text.uip_ds6_is_addr_onlink
                0x04007692       0x49 contiki-jenv.a(uip-ds6.o)
                0x04007692                _uip_ds6_is_addr_onlink
 .text.uip_ds6_list_loop
                0x040076db       0x4d contiki-jenv.a(uip-ds6.o)
                0x040076db                _uip_ds6_list_loop
 .text.uip_ds6_route_add
                0x04007728       0x71 contiki-jenv.a(uip-ds6.o)
                0x04007728                _uip_ds6_route_add
 .text.uip_ds6_aaddr_lookup
                0x04007799       0x2b contiki-jenv.a(uip-ds6.o)
                0x04007799                _uip_ds6_aaddr_lookup
 .text.uip_ds6_aaddr_add
                0x040077c4       0x4a contiki-jenv.a(uip-ds6.o)
                0x040077c4                _uip_ds6_aaddr_add
 .text.uip_ds6_maddr_lookup
                0x0400780e       0x2b contiki-jenv.a(uip-ds6.o)
                0x0400780e                _uip_ds6_maddr_lookup
 .text.uip_ds6_addr_rm
                0x04007839       0x9c contiki-jenv.a(uip-ds6.o)
                0x04007839                _uip_ds6_addr_rm
 .text.uip_ds6_dad_failed
                0x040078d5       0x23 contiki-jenv.a(uip-ds6.o)
                0x040078d5                _uip_ds6_dad_failed
 .text.uip_ds6_maddr_add
                0x040078f8       0x4a contiki-jenv.a(uip-ds6.o)
                0x040078f8                _uip_ds6_maddr_add
 .text.uip_ds6_addr_lookup
                0x04007942       0x2b contiki-jenv.a(uip-ds6.o)
                0x04007942                _uip_ds6_addr_lookup
 .text.uip_ds6_prefix_lookup
                0x0400796d       0x2a contiki-jenv.a(uip-ds6.o)
                0x0400796d                _uip_ds6_prefix_lookup
 .text.uip_ds6_defrt_lookup
                0x04007997       0x2b contiki-jenv.a(uip-ds6.o)
                0x04007997                _uip_ds6_defrt_lookup
 .text.uip_ds6_nbr_lookup
                0x040079c2       0x2b contiki-jenv.a(uip-ds6.o)
                0x040079c2                _uip_ds6_nbr_lookup
 .text.uip_ds6_defrt_choose
                0x040079ed       0x66 contiki-jenv.a(uip-ds6.o)
                0x040079ed                _uip_ds6_defrt_choose
 .text.uip_ds6_send_rs
                0x04007a53       0x40 contiki-jenv.a(uip-ds6.o)
                0x04007a53                _uip_ds6_send_rs
 .text.uip_ds6_addr_add
                0x04007a93      0x12a contiki-jenv.a(uip-ds6.o)
                0x04007a93                _uip_ds6_addr_add
 .text.uip_ds6_prefix_add
                0x04007bbd       0x6f contiki-jenv.a(uip-ds6.o)
                0x04007bbd                _uip_ds6_prefix_add
 .text.uip_ds6_defrt_add
                0x04007c2c       0x6d contiki-jenv.a(uip-ds6.o)
                0x04007c2c                _uip_ds6_defrt_add
 .text.uip_ds6_nbr_rm
                0x04007c99        0xf contiki-jenv.a(uip-ds6.o)
                0x04007c99                _uip_ds6_nbr_rm
 .text.uip_ds6_init
                0x04007ca8      0x1ce contiki-jenv.a(uip-ds6.o)
                0x04007ca8                _uip_ds6_init
 .text.uip_ds6_nbr_add
                0x04007e76      0x12c contiki-jenv.a(uip-ds6.o)
                0x04007e76                _uip_ds6_nbr_add
 .text.uip_ds6_periodic
                0x04007fa2      0x245 contiki-jenv.a(uip-ds6.o)
                0x04007fa2                _uip_ds6_periodic
 .text          0x040081e7        0x0 contiki-jenv.a(nullradio.o)
 .text.init     0x040081e7        0x5 contiki-jenv.a(nullradio.o)
 .text.prepare  0x040081ec        0x5 contiki-jenv.a(nullradio.o)
 .text.transmit
                0x040081f1        0x5 contiki-jenv.a(nullradio.o)
 .text.read     0x040081f6        0x5 contiki-jenv.a(nullradio.o)
 .text.channel_clear
                0x040081fb        0x5 contiki-jenv.a(nullradio.o)
 .text.receiving_packet
                0x04008200        0x5 contiki-jenv.a(nullradio.o)
 .text.pending_packet
                0x04008205        0x5 contiki-jenv.a(nullradio.o)
 .text.on       0x0400820a        0x5 contiki-jenv.a(nullradio.o)
 .text.off      0x0400820f        0x5 contiki-jenv.a(nullradio.o)
 .text.send     0x04008214        0x5 contiki-jenv.a(nullradio.o)
 .text          0x04008219        0x0 contiki-jenv.a(ieee802.o)
 .text.ieee_register_lqi_callback
                0x04008219        0x9 contiki-jenv.a(ieee802.o)
                0x04008219                _ieee_register_lqi_callback
 .text.ieee_recv
                0x04008222        0x3 contiki-jenv.a(ieee802.o)
                0x04008222                _ieee_recv
 .text.ieee_on  0x04008225        0x5 contiki-jenv.a(ieee802.o)
                0x04008225                _ieee_on
 .text.ieee_off
                0x0400822a        0x5 contiki-jenv.a(ieee802.o)
                0x0400822a                _ieee_off
 .text.ieee_channel_check
                0x0400822f        0x5 contiki-jenv.a(ieee802.o)
                0x0400822f                _ieee_channel_check
 .text.ieee_register_beacon_callback
                0x04008234        0x9 contiki-jenv.a(ieee802.o)
                0x04008234                _ieee_register_beacon_callback
 .text.ieee_get_mac
                0x0400823d        0x9 contiki-jenv.a(ieee802.o)
                0x0400823d                _ieee_get_mac
 .text.ieee_get_last_timestamp
                0x04008246        0xf contiki-jenv.a(ieee802.o)
                0x04008246                _ieee_get_last_timestamp
 .text.req_scan
                0x04008255       0x35 contiki-jenv.a(ieee802.o)
 .text.ieee_init
                0x0400828a       0xa6 contiki-jenv.a(ieee802.o)
                0x0400828a                _ieee_init
 .text.ieee_process_poll
[...]
 *fill*         0x04013c39        0x3 00
 .bss.packetbufptr
                0x04013c3c        0x4 contiki-jenv.a(packetbuf.o)
 .bss.packetbuf_aligned
                0x04013c40       0xb2 contiki-jenv.a(packetbuf.o)
 .bss           0x04013cf2        0x0 contiki-jenv.a(queuebuf.o)
 .bss.bufmem_memb_count
                0x04013cf2        0xa contiki-jenv.a(queuebuf.o)
 .bss.bufmem_memb_mem
                0x04013cfc      0x834 contiki-jenv.a(queuebuf.o)
 .bss.refbufmem_memb_count
                0x04014530        0x2 contiki-jenv.a(queuebuf.o)
 .bss.refbufmem_memb_mem
                0x04014532       0x6e contiki-jenv.a(queuebuf.o)
 .bss           0x040145a0        0x0 contiki-jenv.a(leds-arch.o)
 .bss.leds      0x040145a0        0x1 contiki-jenv.a(leds-arch.o)
 .bss           0x040145a1        0x0 contiki-jenv.a(irq.o)
 .bss.et.2939   0x040145a1       0x10 contiki-jenv.a(irq.o)
 *fill*         0x040145b1        0x3 00
 .bss._irqs_list
                0x040145b4        0x4 contiki-jenv.a(irq.o)
 .bss.adc_enabled
                0x040145b8        0x1 contiki-jenv.a(irq.o)
 .bss           0x040145b9        0x1 ../../../contiki-jn51xx/cpu/jennic/jn5148/libHwPatch.a(AHI_SystemPatch_JN5148.o)
 *fill*         0x040145ba        0x2 00
 .bss           0x040145bc        0xc ../../../contiki-jn51xx/cpu/jennic/jn5148/libHwPatch.a(AHI_TimerIntPatch.o)
 .bss           0x040145c8        0x0 ../../../contiki-jn51xx/cpu/jennic/jn5148/libHwPatch.a(AHI_BrownOutPatch.o)
 .bss           0x040145c8        0x4 ../../../contiki-jn51xx/cpu/jennic/jn5148/libHwPatch.a(AHI_SiPatch48.o)
 .bss           0x040145cc        0x0 ../../../contiki-jn51xx/cpu/jennic/jn5148/libHwPatch.a(AHI_SpiPatch.o)
 .bss           0x040145cc        0x4 ../../../contiki-jn51xx/cpu/jennic/jn5148/libHwPatch.a(AHI_AnaloguePatch.o)
 .bss           0x040145d0        0x0 ../../../contiki-jn51xx/cpu/jennic/jn5148/libHwPatch.a(AHI_InitPatch.o)
 .bss           0x040145d0        0x4 ../../../contiki-jn51xx/cpu/jennic/jn5148/libHwPatch.a(AHI_FifoPatch.o)
                0x040145d0                _prFifoAppCallback
 .bss           0x040145d4        0x0 ../../../contiki-jn51xx/cpu/jennic/jn5148/libHwPatch.a(AHI_FlashPatch_JN514x.o)
 .bss           0x040145d4        0x0 ../../../contiki-jn51xx/cpu/jennic/jn5148/libHwPatch.a(AHI_UartPatch.o)
 .bss           0x040145d4        0x0 ../../../contiki-jn51xx/cpu/jennic/jn5148/libHwPatch.a(AHI_DioPatch.o)
 .bss           0x040145d4        0x0 ../../../contiki-jn51xx/cpu/jennic/jn5148/libMacPatch.a(JN514x_MacPatch.o)
 .bss.aprTofVectorRamTable
                0x040145d4       0x24 ../../../contiki-jn51xx/cpu/jennic/jn5148/libMacPatch.a(JN514x_MacPatch.o)
                0x040145d4                _aprTofVectorRamTable
 .bss.b2003SecurityCompatibility
                0x040145f8        0x1 ../../../contiki-jn51xx/cpu/jennic/jn5148/libMacPatch.a(JN514x_MacPatch.o)
                0x040145f8                _b2003SecurityCompatibility
 *fill*         0x040145f9        0x3 00
 .bss.prvUserTxStartedCallback
                0x040145fc        0x4 ../../../contiki-jn51xx/cpu/jennic/jn5148/libMacPatch.a(JN514x_MacPatch.o)
                0x040145fc                _prvUserTxStartedCallback
 .bss.u32StoreBbcPttt
                0x04014600        0x4 ../../../contiki-jn51xx/cpu/jennic/jn5148/libMacPatch.a(JN514x_MacPatch.o)
 .bss           0x04014604        0x0 /opt/toolchains/jn5148/ba2-elf/bin/../lib/gcc/ba-elf/4.1.2/ba2/libgcc.a(__udivsi3.o)
 .bss           0x04014604        0x0 /opt/toolchains/jn5148/ba2-elf/bin/../lib/gcc/ba-elf/4.1.2/ba2/libgcc.a(__umodsi3.o)
 .bss           0x04014604        0x0 /opt/toolchains/jn5148/ba2-elf/bin/../lib/gcc/ba-elf/4.1.2/ba2/libgcc.a(__modsi3.o)
 .bss           0x04014604        0x0 /opt/toolchains/jn5148/ba2-elf/bin/../lib/gcc/ba-elf/4.1.2/ba2/libgcc.a(_udivdi3.o)
 .bss           0x04014604        0x0 /opt/toolchains/jn5148/ba2-elf/bin/../lib/gcc/ba-elf/4.1.2/ba2/libgcc.a(fp-bit.o)
 .bss           0x04014604        0x0 /opt/toolchains/jn5148/ba2-elf/bin/../lib/gcc/ba-elf/4.1.2/ba2/libgcc.a(dp-bit.o)
 .bss           0x04014604        0x0 /opt/toolchains/jn5148/ba2-elf/bin/../lib/gcc/ba-elf/4.1.2/ba2/libgcc.a(__mulsi3.o)
 .bss           0x04014604        0x0 /opt/toolchains/jn5148/ba2-elf/bin/../lib/gcc/ba-elf/4.1.2/ba2/libgcc.a(_muldi3.o)
 .bss           0x04014604        0x0 /opt/toolchains/jn5148/ba2-elf/bin/../lib/gcc/ba-elf/4.1.2/ba2/libgcc.a(_lshrdi3.o)
 .bss           0x04014604        0x0 /opt/toolchains/jn5148/ba2-elf/bin/../lib/gcc/ba-elf/4.1.2/ba2/libgcc.a(_ashldi3.o)
 .bss           0x04014604        0x0 /opt/toolchains/jn5148/ba2-elf/bin/../lib/gcc/ba-elf/4.1.2/ba2/libgcc.a(_clz.o)
 .bss           0x04014604        0x0 /opt/toolchains/jn5148/ba2-elf/bin/../lib/gcc/ba-elf/4.1.2/../../../../ba-elf/lib/ba2/libc.a(isblank.o)
 .bss           0x04014604        0x0 /opt/toolchains/jn5148/ba2-elf/bin/../lib/gcc/ba-elf/4.1.2/../../../../ba-elf/lib/ba2/libc.a(memcmp.o)
 .bss           0x04014604        0x0 /opt/toolchains/jn5148/ba2-elf/bin/../lib/gcc/ba-elf/4.1.2/../../../../ba-elf/lib/ba2/libc.a(memcpy.o)
 .bss           0x04014604        0x0 /opt/toolchains/jn5148/ba2-elf/bin/../lib/gcc/ba-elf/4.1.2/../../../../ba-elf/lib/ba2/libc.a(memmove.o)
 .bss           0x04014604        0x0 /opt/toolchains/jn5148/ba2-elf/bin/../lib/gcc/ba-elf/4.1.2/../../../../ba-elf/lib/ba2/libc.a(memset.o)
 .bss           0x04014604        0x0 /opt/toolchains/jn5148/ba2-elf/bin/../lib/gcc/ba-elf/4.1.2/../../../../ba-elf/lib/ba2/libc.a(rand.o)
 .bss           0x04014604        0x0 /opt/toolchains/jn5148/ba2-elf/bin/../lib/gcc/ba-elf/4.1.2/../../../../ba-elf/lib/ba2/libc.a(strlen.o)
 .bss           0x04014604        0x0 /opt/toolchains/jn5148/ba2-elf/bin/../lib/gcc/ba-elf/4.1.2/../../../../ba-elf/lib/ba2/libc.a(impure.o)
 *(.scommon*)
 COMMON         0x04014604        0x4 obj_jenv/contiki-main.o
                0x04014604                _sensors_flags
                0x04014607                _ieee_event
 COMMON         0x04014608      0x6b0 contiki-jenv.a(uip6.o)
                0x04014608                _uip_aligned_buf
                0x04014b08                _uip_udp_conns
                0x04014c2c                _uip_udp_conn
                0x04014c30                _uip_conn
                0x04014c34                _uip_len
                0x04014c36                _uip_lladdr
                0x04014c3e                _uip_slen
                0x04014c40                _uip_next_hdr
                0x04014c44                _uip_listenports
                0x04014c48                _uip_flags
                0x04014c4c                _uip_sappdata
                0x04014c50                _uip_conns
                0x04014cb0                _uip_appdata
                0x04014cb4                _uip_acc32
 COMMON         0x04014cb8        0x1 contiki-jenv.a(tcpip.o)
                0x04014cb8                _tcpip_event
 *fill*         0x04014cb9        0x3 00
 COMMON         0x04014cbc        0xc contiki-jenv.a(sicslowpan.o)
                0x04014cbc                _sicslowpan_mac
                0x04014cc0                _frag_sender
 COMMON         0x04014cc8      0x2fa contiki-jenv.a(uip-ds6.o)
                0x04014cc8                _uip_ds6_routing_table
                0x04014d88                _uip_ds6_prefix_list
                0x04014dd9                _uip_ds6_timer_rs
                0x04014de9                _uip_ds6_nbr_cache
                0x04014eb9                _uip_ds6_if
                0x04014f7e                _uip_ds6_timer_periodic
                0x04014f8e                _uip_ds6_defrt_list
 COMMON         0x04014fc2        0x1 contiki-jenv.a(sensors.o)
                0x04014fc2                _sensors_event
 COMMON         0x04014fc3        0x8 contiki-jenv.a(rimeaddr.o)
                0x04014fc3                _rimeaddr_node_addr
 COMMON         0x04014fcb       0x50 contiki-jenv.a(packetbuf.o)
                0x04014fcb                _packetbuf_attrs
                0x04014ffb                _packetbuf_addrs
 *fill*         0x0401501b        0x1 00
 COMMON         0x0401501c        0x4 ../../../contiki-jn51xx/cpu/jennic/jn5148/libHwPatch.a(AHI_FlashPatch_JN514x.o)
 COMMON         0x04015020       0x14 ../../../contiki-jn51xx/cpu/jennic/jn5148/libMacPatch.a(JN514x_MacPatch.o)
                0x04015020                _sBbcIdleBugTimer
                0x04015030                _prHigherMlmeCallback
 COMMON         0x04015034        0x8 /opt/toolchains/jn5148/ba2-elf/bin/../lib/gcc/ba-elf/4.1.2/ba2/libgcc.a(_udivdi3.o)
                0x04015034                _ba_redzone_size
                0x04015038                _ba_abi_level
                0x0401503c                _bss_end = <code 342> (.)

.heap           0x0401503c      0x800
                0x0401503c                _heap_start = <code 342> (.)
                0x0401583c                . = (. + _minimum_heap_size)
 *fill*         0x0401503c      0x800 00

.stack          0x0401e000     0x2000
                0x0401e000                _heap_end = <code 342> (.)
                0x0401e000                _stack_low_water_mark = <code 342> (.)
                0x04020000                . = (. + _stack_size)
 *fill*         0x0401e000     0x2000 00

.stab           0x00000000     0x5e08
 *(.stab)
 .stab          0x00000000      0x858 /opt/toolchains/jn5148/ba2-elf/bin/../lib/gcc/ba-elf/4.1.2/ba2/libgcc.a(_udivdi3.o)
 .stab          0x00000858     0x1e24 /opt/toolchains/jn5148/ba2-elf/bin/../lib/gcc/ba-elf/4.1.2/ba2/libgcc.a(fp-bit.o)
                               0x1e84 (size before relaxing)
 .stab          0x0000267c     0x1f20 /opt/toolchains/jn5148/ba2-elf/bin/../lib/gcc/ba-elf/4.1.2/ba2/libgcc.a(dp-bit.o)
                               0x1fa4 (size before relaxing)
 .stab          0x0000459c      0x264 /opt/toolchains/jn5148/ba2-elf/bin/../lib/gcc/ba-elf/4.1.2/ba2/libgcc.a(_muldi3.o)
                                0x3e4 (size before relaxing)
 .stab          0x00004800      0x234 /opt/toolchains/jn5148/ba2-elf/bin/../lib/gcc/ba-elf/4.1.2/ba2/libgcc.a(_lshrdi3.o)
                                0x3b4 (size before relaxing)
 .stab          0x00004a34      0x234 /opt/toolchains/jn5148/ba2-elf/bin/../lib/gcc/ba-elf/4.1.2/ba2/libgcc.a(_ashldi3.o)
                                0x3b4 (size before relaxing)
 .stab          0x00004c68      0x150 /opt/toolchains/jn5148/ba2-elf/bin/../lib/gcc/ba-elf/4.1.2/ba2/libgcc.a(_clz.o)
                                0x2d0 (size before relaxing)
 .stab          0x00004db8      0x144 /opt/toolchains/jn5148/ba2-elf/bin/../lib/gcc/ba-elf/4.1.2/../../../../ba-elf/lib/ba2/libc.a(isblank.o)
                                0x150 (size before relaxing)
 .stab          0x00004efc      0x360 /opt/toolchains/jn5148/ba2-elf/bin/../lib/gcc/ba-elf/4.1.2/../../../../ba-elf/lib/ba2/libc.a(memcmp.o)
                                0x36c (size before relaxing)
 .stab          0x0000525c      0x1b0 /opt/toolchains/jn5148/ba2-elf/bin/../lib/gcc/ba-elf/4.1.2/../../../../ba-elf/lib/ba2/libc.a(memcpy.o)
                                0x1ec (size before relaxing)
 .stab          0x0000540c      0x258 /opt/toolchains/jn5148/ba2-elf/bin/../lib/gcc/ba-elf/4.1.2/../../../../ba-elf/lib/ba2/libc.a(memmove.o)
                                0x3b4 (size before relaxing)
 .stab          0x00005664      0x1e0 /opt/toolchains/jn5148/ba2-elf/bin/../lib/gcc/ba-elf/4.1.2/../../../../ba-elf/lib/ba2/libc.a(memset.o)
                                0x33c (size before relaxing)
 .stab          0x00005844      0x2ac /opt/toolchains/jn5148/ba2-elf/bin/../lib/gcc/ba-elf/4.1.2/../../../../ba-elf/lib/ba2/libc.a(rand.o)
                                0x3e4 (size before relaxing)
 .stab          0x00005af0      0x198 /opt/toolchains/jn5148/ba2-elf/bin/../lib/gcc/ba-elf/4.1.2/../../../../ba-elf/lib/ba2/libc.a(strlen.o)
                                0x2f4 (size before relaxing)
 .stab          0x00005c88      0x180 /opt/toolchains/jn5148/ba2-elf/bin/../lib/gcc/ba-elf/4.1.2/../../../../ba-elf/lib/ba2/libc.a(impure.o)
                                0x2f4 (size before relaxing)
 *(.stab.*)

.comment        0x00000000      0x546
 *(.comment*)
 .comment       0x00000000       0x12 obj_jenv/contiki-main.o
 .comment       0x00000012       0x12 main.co
 .comment       0x00000024       0x12 contiki-jenv.a(process.o)
 .comment       0x00000036       0x12 contiki-jenv.a(procinit.o)
 .comment       0x00000048       0x12 contiki-jenv.a(autostart.o)
 .comment       0x0000005a       0x12 contiki-jenv.a(etimer.o)
 .comment       0x0000006c       0x12 contiki-jenv.a(netstack.o)
 .comment       0x0000007e       0x12 contiki-jenv.a(uip6.o)
 .comment       0x00000090       0x12 contiki-jenv.a(tcpip.o)
 .comment       0x000000a2       0x12 contiki-jenv.a(uip-udp-packet.)
 .comment       0x000000b4       0x12 contiki-jenv.a(uip-split.o)
 .comment       0x000000c6       0x12 contiki-jenv.a(uip-icmp6.o)
 .comment       0x000000d8       0x12 contiki-jenv.a(uip-nd6.o)
 .comment       0x000000ea       0x12 contiki-jenv.a(uip-packetqueue)
 .comment       0x000000fc       0x12 contiki-jenv.a(sicslowpan.o)
 .comment       0x0000010e       0x12 contiki-jenv.a(uip-ds6.o)
 .comment       0x00000120       0x12 contiki-jenv.a(nullradio.o)
 .comment       0x00000132       0x12 contiki-jenv.a(ieee802.o)
 .comment       0x00000144       0x12 contiki-jenv.a(pff.o)
 .comment       0x00000156       0x12 contiki-jenv.a(sd.o)
 .comment       0x00000168       0x12 contiki-jenv.a(leds.o)
 .comment       0x0000017a       0x12 contiki-jenv.a(sensors.o)
 .comment       0x0000018c       0x12 contiki-jenv.a(bootloader.o)
 .comment       0x0000019e       0x12 contiki-jenv.a(SHT21-sensor.o)
 .comment       0x000001b0       0x12 contiki-jenv.a(ext_temp_sensor)
 .comment       0x000001c2       0x12 contiki-jenv.a(clock.o)
 .comment       0x000001d4       0x12 contiki-jenv.a(uart0.o)
 .comment       0x000001e6       0x12 contiki-jenv.a(jts.o)
 .comment       0x000001f8       0x12 contiki-jenv.a(i2c.o)
 .comment       0x0000020a       0x12 contiki-jenv.a(sprintf.o)
 .comment       0x0000021c       0x12 contiki-jenv.a(watchdog.o)
 .comment       0x0000022e       0x12 contiki-jenv.a(init.o)
 .comment       0x00000240       0x12 contiki-jenv.a(rimeaddr.o)
 .comment       0x00000252       0x12 contiki-jenv.a(nullrdc.o)
 .comment       0x00000264       0x12 contiki-jenv.a(mac.o)
 .comment       0x00000276       0x12 contiki-jenv.a(framer-nullmac.)
 .comment       0x00000288       0x12 contiki-jenv.a(memb.o)
 .comment       0x0000029a       0x12 contiki-jenv.a(timer.o)
 .comment       0x000002ac       0x12 contiki-jenv.a(list.o)
 .comment       0x000002be       0x12 contiki-jenv.a(ctimer.o)
 .comment       0x000002d0       0x12 contiki-jenv.a(rtimer.o)
 .comment       0x000002e2       0x12 contiki-jenv.a(stimer.o)
 .comment       0x000002f4       0x12 contiki-jenv.a(random.o)
 .comment       0x00000306       0x12 contiki-jenv.a(ringbuf.o)
 .comment       0x00000318       0x12 contiki-jenv.a(packetbuf.o)
 .comment       0x0000032a       0x12 contiki-jenv.a(queuebuf.o)
 .comment       0x0000033c       0x12 contiki-jenv.a(leds-arch.o)
 .comment       0x0000034e       0x12 contiki-jenv.a(irq.o)
 .comment       0x00000360       0x12 ../../../contiki-jn51xx/cpu/jennic/jn5148/libHwPatch.a(AHI_SystemPatch_JN5148.o)
 .comment       0x00000372       0x12 ../../../contiki-jn51xx/cpu/jennic/jn5148/libHwPatch.a(AHI_TimerIntPatch.o)
 .comment       0x00000384       0x12 ../../../contiki-jn51xx/cpu/jennic/jn5148/libHwPatch.a(AHI_BrownOutPatch.o)
 .comment       0x00000396       0x12 ../../../contiki-jn51xx/cpu/jennic/jn5148/libHwPatch.a(AHI_SiPatch48.o)
 .comment       0x000003a8       0x12 ../../../contiki-jn51xx/cpu/jennic/jn5148/libHwPatch.a(AHI_SpiPatch.o)
 .comment       0x000003ba       0x12 ../../../contiki-jn51xx/cpu/jennic/jn5148/libHwPatch.a(AHI_AnaloguePatch.o)
 .comment       0x000003cc       0x12 ../../../contiki-jn51xx/cpu/jennic/jn5148/libHwPatch.a(AHI_InitPatch.o)
 .comment       0x000003de       0x12 ../../../contiki-jn51xx/cpu/jennic/jn5148/libHwPatch.a(AHI_FifoPatch.o)
 .comment       0x000003f0       0x12 ../../../contiki-jn51xx/cpu/jennic/jn5148/libHwPatch.a(AHI_FlashPatch_JN514x.o)
 .comment       0x00000402       0x12 ../../../contiki-jn51xx/cpu/jennic/jn5148/libHwPatch.a(AHI_UartPatch.o)
 .comment       0x00000414       0x12 ../../../contiki-jn51xx/cpu/jennic/jn5148/libHwPatch.a(AHI_DioPatch.o)
 .comment       0x00000426       0x12 ../../../contiki-jn51xx/cpu/jennic/jn5148/libMacPatch.a(JN514x_MacPatch.o)
 .comment       0x00000438       0x12 /opt/toolchains/jn5148/ba2-elf/bin/../lib/gcc/ba-elf/4.1.2/ba2/libgcc.a(_udivdi3.o)
 .comment       0x0000044a       0x12 /opt/toolchains/jn5148/ba2-elf/bin/../lib/gcc/ba-elf/4.1.2/ba2/libgcc.a(fp-bit.o)
 .comment       0x0000045c       0x12 /opt/toolchains/jn5148/ba2-elf/bin/../lib/gcc/ba-elf/4.1.2/ba2/libgcc.a(dp-bit.o)
 .comment       0x0000046e       0x12 /opt/toolchains/jn5148/ba2-elf/bin/../lib/gcc/ba-elf/4.1.2/ba2/libgcc.a(_muldi3.o)
 .comment       0x00000480       0x12 /opt/toolchains/jn5148/ba2-elf/bin/../lib/gcc/ba-elf/4.1.2/ba2/libgcc.a(_lshrdi3.o)
 .comment       0x00000492       0x12 /opt/toolchains/jn5148/ba2-elf/bin/../lib/gcc/ba-elf/4.1.2/ba2/libgcc.a(_ashldi3.o)
 .comment       0x000004a4       0x12 /opt/toolchains/jn5148/ba2-elf/bin/../lib/gcc/ba-elf/4.1.2/ba2/libgcc.a(_clz.o)
 .comment       0x000004b6       0x12 /opt/toolchains/jn5148/ba2-elf/bin/../lib/gcc/ba-elf/4.1.2/../../../../ba-elf/lib/ba2/libc.a(isblank.o)
 .comment       0x000004c8       0x12 /opt/toolchains/jn5148/ba2-elf/bin/../lib/gcc/ba-elf/4.1.2/../../../../ba-elf/lib/ba2/libc.a(memcmp.o)
 .comment       0x000004da       0x12 /opt/toolchains/jn5148/ba2-elf/bin/../lib/gcc/ba-elf/4.1.2/../../../../ba-elf/lib/ba2/libc.a(memcpy.o)
 .comment       0x000004ec       0x12 /opt/toolchains/jn5148/ba2-elf/bin/../lib/gcc/ba-elf/4.1.2/../../../../ba-elf/lib/ba2/libc.a(memmove.o)
 .comment       0x000004fe       0x12 /opt/toolchains/jn5148/ba2-elf/bin/../lib/gcc/ba-elf/4.1.2/../../../../ba-elf/lib/ba2/libc.a(memset.o)
 .comment       0x00000510       0x12 /opt/toolchains/jn5148/ba2-elf/bin/../lib/gcc/ba-elf/4.1.2/../../../../ba-elf/lib/ba2/libc.a(rand.o)
 .comment       0x00000522       0x12 /opt/toolchains/jn5148/ba2-elf/bin/../lib/gcc/ba-elf/4.1.2/../../../../ba-elf/lib/ba2/libc.a(strlen.o)
 .comment       0x00000534       0x12 /opt/toolchains/jn5148/ba2-elf/bin/../lib/gcc/ba-elf/4.1.2/../../../../ba-elf/lib/ba2/libc.a(impure.o)
                0x00003d9c                _bss_len = (((_bss_end - _bss_beg) + 0x3) & 0xfffffffc)
                0x02001000                _apvReg = 0x2001000
                0x02001000                _apvSysReg = 0x2001000
                0x02001c00                _apvAesReg = 0x2001c00
                0x02001f00                _apvAnaReg = 0x2001f00
                0x02002000                _apvGpioReg = 0x2002000
                0x02003000                _apvUart0Reg = 0x2003000
                0x02004000                _apvUart1Reg = 0x2004000
                0x02005000                _apvTimer0Reg = 0x2005000
                0x02006000                _apvTimer1Reg = 0x2006000
                0x0200a000                _apvTimer2Reg = 0x200a000
                0x02007000                _apvSiReg = 0x2007000
                0x02008000                _apvSpiReg = 0x2008000
                0x02009000                _apvSpiIpReg = 0x2009000
                0x02009800                _apvSpiIpMem = 0x2009800
                0x0200b000                _apvDaiReg = 0x200b000
                0x0200c000                _apvSfifoReg = 0x200c000
OUTPUT(main.jenv elf32-ba)

.stabstr        0x00000000     0x7bdb
 .stabstr       0x00000000     0x7bdb /opt/toolchains/jn5148/ba2-elf/bin/../lib/gcc/ba-elf/4.1.2/ba2/libgcc.a(_udivdi3.o)
